<html>
<body>
<pre>
<h1>µVision Build Log</h1>
<h2>Tool Versions:</h2>
IDE-Version: µVision V5.41.0.0
Copyright (C) 2024 ARM Ltd and ARM Germany GmbH. All rights reserved.
License Information: Giuseppe Trainiti, MyCompany, LIC=----
 
Tool Versions:
Toolchain:       MDK-Lite  Version: 5.41.0.0
Toolchain Path:  C:\Users\giuse\AppData\Local\Keil_v5\ARM\ARMCLANG\Bin
C Compiler:      ArmClang.exe V6.22
Assembler:       Armasm.exe V6.22
Linker/Locator:  ArmLink.exe V6.22
Library Manager: ArmAr.exe V6.22
Hex Converter:   FromElf.exe V6.22
CPU DLL:         SARMCM3.DLL V5.41.0.0
Dialog DLL:      DCM.DLL V1.17.5.0
Target DLL:      STLink\ST-LINKIII-KEIL_SWO.dll V3.3.0.0
Dialog DLL:      TCM.DLL V1.56.4.0
 
<h2>Project:</h2>
C:\Users\giuse\Il mio Drive\GitHub\MetalDetector\Code\MetalDetector\MDK-ARM\metalDetector_comInterface.uvprojx
Project File Date:  03/31/2025

<h2>Output:</h2>
*** Using Compiler 'V6.22', folder: 'C:\Users\giuse\AppData\Local\Keil_v5\ARM\ARMCLANG\Bin'
Rebuild target 'metalDetector_comInterface'
assembling startup_stm32f303x8.s...
compiling stm32f3xx_hal_msp.c...
compiling stm32f3xx_hal_rcc.c...
compiling stm32f3xx_hal_gpio.c...
compiling stm32f3xx_it.c...
compiling stm32f3xx_hal_cortex.c...
compiling stm32f3xx_hal_pwr.c...
compiling stm32f3xx_hal_i2c_ex.c...
compiling stm32f3xx_hal_pwr_ex.c...
compiling stm32f3xx_hal_rcc_ex.c...
compiling stm32f3xx_hal_dma.c...
compiling stm32f3xx_hal.c...
compiling stm32f3xx_hal_flash_ex.c...
compiling main.c...
compiling stm32f3xx_hal_flash.c...
compiling stm32f3xx_hal_exti.c...
compiling stm32f3xx_hal_spi_ex.c...
compiling invertingChargePump.c...
compiling system_stm32f3xx.c...
compiling frequencyMeasure.c...
compiling demodulatorClock.c...
compiling rotaryEncoder.c...
compiling DAC.c...
compiling ADC.c...
compiling audioTone.c...
compiling BayesFunctions.c...
compiling BayesFunctionsF16.c...
compiling BasicMathFunctionsF16.c...
compiling ComplexMathFunctionsF16.c...
compiling ControllerFunctions.c...
compiling FastMathFunctionsF16.c...
compiling stm32f3xx_hal_spi.c...
compiling DistanceFunctionsF16.c...
compiling CommonTablesF16.c...
compiling InterpolationFunctionsF16.c...
compiling ComplexMathFunctions.c...
compiling FilteringFunctionsF16.c...
compiling InterpolationFunctions.c...
compiling FastMathFunctions.c...
compiling SVMFunctionsF16.c...
compiling BasicMathFunctions.c...
compiling QuaternionMathFunctions.c...
compiling SVMFunctions.c...
compiling stm32f3xx_hal_i2c.c...
compiling SupportFunctionsF16.c...
compiling StatisticsFunctionsF16.c...
compiling DistanceFunctions.c...
compiling SupportFunctions.c...
compiling CommonTables.c...
compiling MatrixFunctionsF16.c...
compiling TransformFunctionsF16.c...
compiling StatisticsFunctions.c...
compiling WindowFunctions.c...
compiling TransformFunctions.c...
compiling MatrixFunctions.c...
compiling FilteringFunctions.c...
linking...
Program Size: Code=9898 RO-data=474 RW-data=60 ZI-data=1916  
FromELF: creating hex file...
"metalDetector_comInterface\metalDetector_comInterface.axf" - 0 Error(s), 0 Warning(s).

<h2>Software Packages used:</h2>

Package Vendor: ARM
                https://www.keil.com/pack/ARM.CMSIS.6.1.0.pack
                ARM::CMSIS@6.1.0
                CMSIS (Common Microcontroller Software Interface Standard)
   * Component: CORE Version: 6.1.0

Package Vendor: ARM
                https://www.keil.com/pack/ARM.CMSIS-DSP.1.16.2.pack
                ARM::CMSIS-DSP@1.16.2
                CMSIS Embedded Compute Library
   * Component: DSP Variant: Source Version: 1.16.2

Package Vendor: Keil
                http://www.keil.com/pack/Keil.STM32F3xx_DFP.2.2.2.pack
                Keil::STM32F3xx_DFP@2.2.2
                STMicroelectronics STM32F3 Series Device Support and Examples

<h2>Collection of Component include folders:</h2>
  ./RTE/_metalDetector_comInterface
  C:/Users/giuse/AppData/Local/Arm/Packs/ARM/CMSIS-DSP/1.16.2/Include
  C:/Users/giuse/AppData/Local/Arm/Packs/ARM/CMSIS-DSP/1.16.2/PrivateInclude
  C:/Users/giuse/AppData/Local/Arm/Packs/ARM/CMSIS/6.1.0/CMSIS/Core/Include
  C:/Users/giuse/AppData/Local/Arm/Packs/Keil/STM32F3xx_DFP/2.2.2/Drivers/CMSIS/Device/ST/STM32F3xx/Include

<h2>Collection of Component Files used:</h2>

   * Component: ARM::CMSIS:CORE@6.1.0
      Include file:  CMSIS/Core/Include/tz_context.h

   * Component: ARM::CMSIS:DSP&Source@1.16.2
      Source file:   Source/BasicMathFunctions/BasicMathFunctions.c
      Source file:   Source/QuaternionMathFunctions/QuaternionMathFunctions.c
      Source file:   Source/BayesFunctions/BayesFunctions.c
      Include file:  Include/arm_math.h
      Include file:  Include/arm_math_f16.h
      Include file:  Include/arm_common_tables_f16.h
      Include file:  Include/arm_const_structs_f16.h
      Include file:  Include/arm_common_tables.h
      Include file:  Include/arm_const_structs.h
      Source file:   Source/StatisticsFunctions/StatisticsFunctionsF16.c
      Source file:   Source/SVMFunctions/SVMFunctions.c
      Source file:   Source/SupportFunctions/SupportFunctions.c
      Source file:   Source/DistanceFunctions/DistanceFunctionsF16.c
      Source file:   Source/InterpolationFunctions/InterpolationFunctionsF16.c
      Source file:   Source/DistanceFunctions/DistanceFunctions.c
      Source file:   Source/CommonTables/CommonTablesF16.c
      Source file:   Source/ComplexMathFunctions/ComplexMathFunctions.c
      Source file:   Source/BasicMathFunctions/BasicMathFunctionsF16.c
      Source file:   Source/FastMathFunctions/FastMathFunctions.c
      Source file:   Source/TransformFunctions/TransformFunctions.c
      Source file:   Source/ComplexMathFunctions/ComplexMathFunctionsF16.c
      Source file:   Source/CommonTables/CommonTables.c
      Source file:   Source/MatrixFunctions/MatrixFunctions.c
      Source file:   Source/StatisticsFunctions/StatisticsFunctions.c
      Source file:   Source/MatrixFunctions/MatrixFunctionsF16.c
      Source file:   Source/SupportFunctions/SupportFunctionsF16.c
      Source file:   Source/SVMFunctions/SVMFunctionsF16.c
      Source file:   Source/FilteringFunctions/FilteringFunctions.c
      Source file:   Source/ControllerFunctions/ControllerFunctions.c
      Source file:   Source/WindowFunctions/WindowFunctions.c
      Source file:   Source/TransformFunctions/TransformFunctionsF16.c
      Source file:   Source/InterpolationFunctions/InterpolationFunctions.c
      Source file:   Source/FastMathFunctions/FastMathFunctionsF16.c
      Source file:   Source/BayesFunctions/BayesFunctionsF16.c
      Source file:   Source/FilteringFunctions/FilteringFunctionsF16.c
Build Time Elapsed:  00:00:07
</pre>
</body>
</html>
