Component: Arm Compiler for Embedded 6.23 Tool: armlink [5f102400]

==============================================================================

Section Cross References

    startup_stm32f303x8.o(STACK) refers (Special) to heapauxi.o(.text) for __use_two_region_memory
    startup_stm32f303x8.o(HEAP) refers (Special) to heapauxi.o(.text) for __use_two_region_memory
    startup_stm32f303x8.o(RESET) refers (Special) to heapauxi.o(.text) for __use_two_region_memory
    startup_stm32f303x8.o(RESET) refers to startup_stm32f303x8.o(STACK) for __initial_sp
    startup_stm32f303x8.o(RESET) refers to startup_stm32f303x8.o(.text) for Reset_Handler
    startup_stm32f303x8.o(RESET) refers to stm32f3xx_it.o(.text.NMI_Handler) for NMI_Handler
    startup_stm32f303x8.o(RESET) refers to stm32f3xx_it.o(.text.HardFault_Handler) for HardFault_Handler
    startup_stm32f303x8.o(RESET) refers to stm32f3xx_it.o(.text.MemManage_Handler) for MemManage_Handler
    startup_stm32f303x8.o(RESET) refers to stm32f3xx_it.o(.text.BusFault_Handler) for BusFault_Handler
    startup_stm32f303x8.o(RESET) refers to stm32f3xx_it.o(.text.UsageFault_Handler) for UsageFault_Handler
    startup_stm32f303x8.o(RESET) refers to stm32f3xx_it.o(.text.SVC_Handler) for SVC_Handler
    startup_stm32f303x8.o(RESET) refers to stm32f3xx_it.o(.text.DebugMon_Handler) for DebugMon_Handler
    startup_stm32f303x8.o(RESET) refers to stm32f3xx_it.o(.text.PendSV_Handler) for PendSV_Handler
    startup_stm32f303x8.o(RESET) refers to stm32f3xx_it.o(.text.SysTick_Handler) for SysTick_Handler
    startup_stm32f303x8.o(RESET) refers to frequencymeasure.o(.text.EXTI0_IRQHandler) for EXTI0_IRQHandler
    startup_stm32f303x8.o(RESET) refers to rotaryencoder.o(.text.EXTI1_IRQHandler) for EXTI1_IRQHandler
    startup_stm32f303x8.o(RESET) refers to rotaryencoder.o(.text.EXTI2_TSC_IRQHandler) for EXTI2_TSC_IRQHandler
    startup_stm32f303x8.o(RESET) refers to adc.o(.text.ADC1_2_IRQHandler) for ADC1_2_IRQHandler
    startup_stm32f303x8.o(RESET) refers to demodulatorclock.o(.text.TIM1_BRK_TIM15_IRQHandler) for TIM1_BRK_TIM15_IRQHandler
    startup_stm32f303x8.o(RESET) refers to invertingchargepump.o(.text.TIM1_UP_TIM16_IRQHandler) for TIM1_UP_TIM16_IRQHandler
    startup_stm32f303x8.o(RESET) refers to audiotone.o(.text.TIM6_DAC1_IRQHandler) for TIM6_DAC1_IRQHandler
    startup_stm32f303x8.o(RESET) refers to audiotone.o(.text.TIM7_DAC2_IRQHandler) for TIM7_DAC2_IRQHandler
    startup_stm32f303x8.o(.text) refers (Special) to heapauxi.o(.text) for __use_two_region_memory
    startup_stm32f303x8.o(.text) refers to system_stm32f3xx.o(.text.SystemInit) for SystemInit
    startup_stm32f303x8.o(.text) refers to __main.o(!!!main) for __main
    startup_stm32f303x8.o(.text) refers to startup_stm32f303x8.o(HEAP) for Heap_Mem
    startup_stm32f303x8.o(.text) refers to startup_stm32f303x8.o(STACK) for Stack_Mem
    main.o(.text.main) refers to stm32f3xx_hal.o(.text.HAL_Init) for HAL_Init
    main.o(.text.main) refers to main.o(.text.SystemClock_Config) for SystemClock_Config
    main.o(.text.main) refers to main.o(.bss..L_MergedGlobals) for .L_MergedGlobals
    main.o(.text.main) refers to stm32f3xx_hal_i2c.o(.text.HAL_I2C_Init) for HAL_I2C_Init
    main.o(.text.main) refers to stm32f3xx_hal_i2c_ex.o(.text.HAL_I2CEx_ConfigAnalogFilter) for HAL_I2CEx_ConfigAnalogFilter
    main.o(.text.main) refers to stm32f3xx_hal_i2c_ex.o(.text.HAL_I2CEx_ConfigDigitalFilter) for HAL_I2CEx_ConfigDigitalFilter
    main.o(.text.main) refers to main.o(.bss.hspi1) for hspi1
    main.o(.text.main) refers to stm32f3xx_hal_spi.o(.text.HAL_SPI_Init) for HAL_SPI_Init
    main.o(.text.main) refers to invertingchargepump.o(.text.timer16Init) for timer16Init
    main.o(.text.main) refers to demodulatorclock.o(.text.timer15Init) for timer15Init
    main.o(.text.main) refers to frequencymeasure.o(.text.timer17Init) for timer17Init
    main.o(.text.main) refers to frequencymeasure.o(.text.EXTI0Config) for EXTI0Config
    main.o(.text.main) refers to rotaryencoder.o(.text.EXTI1Config) for EXTI1Config
    main.o(.text.main) refers to rotaryencoder.o(.text.EXTI2Config) for EXTI2Config
    main.o(.text.main) refers to adc.o(.text.ADC1_Init) for ADC1_Init
    main.o(.text.main) refers to dac.o(.text.DACInit) for DACInit
    main.o(.text.main) refers to audiotone.o(.text.TIM6Init) for TIM6Init
    main.o(.text.main) refers to audiotone.o(.text.TIM7Init) for TIM7Init
    main.o(.text.main) refers to audiotone.o(.text.toneInit) for toneInit
    main.o(.text.main) refers to dflt_clz.o(x$fpl$dflt) for __aeabi_i2d
    main.o(.text.main) refers to dmul.o(x$fpl$dmul) for __aeabi_dmul
    main.o(.text.main) refers to daddsub_clz.o(x$fpl$dadd) for __aeabi_dadd
    main.o(.text.main) refers to sqrt.o(i.__hardfp_sqrt) for __hardfp_sqrt
    main.o(.text.main) refers to d2f.o(x$fpl$d2f) for __aeabi_d2f
    main.o(.text.main) refers to f2d.o(x$fpl$f2d) for __aeabi_f2d
[...]
    Removing windowfunctions.o(.text.arm_nuttall3a_f64), (1208 bytes).
    Removing windowfunctions.o(.ARM.exidx.text.arm_nuttall3a_f64), (8 bytes).
    Removing windowfunctions.o(.text.arm_nuttall3b_f32), (536 bytes).
    Removing windowfunctions.o(.ARM.exidx.text.arm_nuttall3b_f32), (8 bytes).
    Removing windowfunctions.o(.text.arm_nuttall3b_f64), (1208 bytes).
    Removing windowfunctions.o(.ARM.exidx.text.arm_nuttall3b_f64), (8 bytes).
    Removing windowfunctions.o(.text.arm_nuttall4a_f32), (672 bytes).
    Removing windowfunctions.o(.ARM.exidx.text.arm_nuttall4a_f32), (8 bytes).
    Removing windowfunctions.o(.text.arm_nuttall4a_f64), (1576 bytes).
    Removing windowfunctions.o(.ARM.exidx.text.arm_nuttall4a_f64), (8 bytes).
    Removing windowfunctions.o(.text.arm_blackman_harris_92db_f32), (672 bytes).
    Removing windowfunctions.o(.ARM.exidx.text.arm_blackman_harris_92db_f32), (8 bytes).
    Removing windowfunctions.o(.text.arm_blackman_harris_92db_f64), (1576 bytes).
    Removing windowfunctions.o(.ARM.exidx.text.arm_blackman_harris_92db_f64), (8 bytes).
    Removing windowfunctions.o(.text.arm_nuttall4b_f32), (672 bytes).
    Removing windowfunctions.o(.ARM.exidx.text.arm_nuttall4b_f32), (8 bytes).
    Removing windowfunctions.o(.text.arm_nuttall4b_f64), (1576 bytes).
    Removing windowfunctions.o(.ARM.exidx.text.arm_nuttall4b_f64), (8 bytes).
    Removing windowfunctions.o(.text.arm_nuttall4c_f32), (672 bytes).
    Removing windowfunctions.o(.ARM.exidx.text.arm_nuttall4c_f32), (8 bytes).
    Removing windowfunctions.o(.text.arm_nuttall4c_f64), (1576 bytes).
    Removing windowfunctions.o(.ARM.exidx.text.arm_nuttall4c_f64), (8 bytes).
    Removing windowfunctions.o(.text.arm_hft90d_f32), (800 bytes).
    Removing windowfunctions.o(.ARM.exidx.text.arm_hft90d_f32), (8 bytes).
    Removing windowfunctions.o(.text.arm_hft90d_f64), (1928 bytes).
    Removing windowfunctions.o(.ARM.exidx.text.arm_hft90d_f64), (8 bytes).
    Removing windowfunctions.o(.text.arm_hft95_f32), (800 bytes).
    Removing windowfunctions.o(.ARM.exidx.text.arm_hft95_f32), (8 bytes).
    Removing windowfunctions.o(.text.arm_hft95_f64), (1928 bytes).
    Removing windowfunctions.o(.ARM.exidx.text.arm_hft95_f64), (8 bytes).
    Removing windowfunctions.o(.text.arm_hft116d_f32), (932 bytes).
    Removing windowfunctions.o(.ARM.exidx.text.arm_hft116d_f32), (8 bytes).
    Removing windowfunctions.o(.text.arm_hft116d_f64), (2312 bytes).
    Removing windowfunctions.o(.ARM.exidx.text.arm_hft116d_f64), (8 bytes).
    Removing windowfunctions.o(.text.arm_hft144d_f32), (1064 bytes).
    Removing windowfunctions.o(.ARM.exidx.text.arm_hft144d_f32), (8 bytes).
    Removing windowfunctions.o(.text.arm_hft144d_f64), (2688 bytes).
    Removing windowfunctions.o(.ARM.exidx.text.arm_hft144d_f64), (8 bytes).
    Removing windowfunctions.o(.text.arm_hft169d_f32), (1312 bytes).
    Removing windowfunctions.o(.ARM.exidx.text.arm_hft169d_f32), (8 bytes).
    Removing windowfunctions.o(.text.arm_hft169d_f64), (3056 bytes).
    Removing windowfunctions.o(.ARM.exidx.text.arm_hft169d_f64), (8 bytes).
    Removing windowfunctions.o(.text.arm_hft196d_f32), (1488 bytes).
    Removing windowfunctions.o(.ARM.exidx.text.arm_hft196d_f32), (8 bytes).
    Removing windowfunctions.o(.text.arm_hft196d_f64), (3424 bytes).
    Removing windowfunctions.o(.ARM.exidx.text.arm_hft196d_f64), (8 bytes).
    Removing windowfunctions.o(.text.arm_hft223d_f32), (1644 bytes).
    Removing windowfunctions.o(.ARM.exidx.text.arm_hft223d_f32), (8 bytes).
    Removing windowfunctions.o(.text.arm_hft223d_f64), (1976 bytes).
    Removing windowfunctions.o(.ARM.exidx.text.arm_hft223d_f64), (8 bytes).
    Removing windowfunctions.o(.text.arm_hft248d_f32), (1824 bytes).
    Removing windowfunctions.o(.ARM.exidx.text.arm_hft248d_f32), (8 bytes).
    Removing windowfunctions.o(.text.arm_hft248d_f64), (2160 bytes).
    Removing windowfunctions.o(.ARM.exidx.text.arm_hft248d_f64), (8 bytes).

2375 unused section(s) (total 1428178 bytes) removed from the image.

==============================================================================

Image Symbol Table

    Local Symbols

    Symbol Name                              Value     Ov Type        Size  Object(Section)

    ../clib/angel/boardlib.s                 0x00000000   Number         0  boardinit1.o ABSOLUTE
    ../clib/angel/boardlib.s                 0x00000000   Number         0  boardinit2.o ABSOLUTE
    ../clib/angel/boardlib.s                 0x00000000   Number         0  boardinit3.o ABSOLUTE
    ../clib/angel/boardlib.s                 0x00000000   Number         0  boardshut.o ABSOLUTE
    ../clib/angel/handlers.s                 0x00000000   Number         0  __scatter_copy.o ABSOLUTE
    ../clib/angel/handlers.s                 0x00000000   Number         0  __scatter_zi.o ABSOLUTE
    ../clib/angel/kernel.s                   0x00000000   Number         0  __rtentry.o ABSOLUTE
    ../clib/angel/kernel.s                   0x00000000   Number         0  __rtentry2.o ABSOLUTE
    ../clib/angel/kernel.s                   0x00000000   Number         0  __rtentry4.o ABSOLUTE
    ../clib/angel/kernel.s                   0x00000000   Number         0  rtexit.o ABSOLUTE
    ../clib/angel/kernel.s                   0x00000000   Number         0  rtexit2.o ABSOLUTE
    ../clib/angel/rt.s                       0x00000000   Number         0  aeabi_ldiv0.o ABSOLUTE
    ../clib/angel/rt.s                       0x00000000   Number         0  aeabi_ldiv0_sigfpe.o ABSOLUTE
    ../clib/angel/rt.s                       0x00000000   Number         0  rt_div0.o ABSOLUTE
    ../clib/angel/rt.s                       0x00000000   Number         0  rt_errno_addr.o ABSOLUTE
    ../clib/angel/rt.s                       0x00000000   Number         0  rt_errno_addr_intlibspace.o ABSOLUTE
    ../clib/angel/rt.s                       0x00000000   Number         0  rt_raise.o ABSOLUTE
    ../clib/angel/scatter.s                  0x00000000   Number         0  __scatter.o ABSOLUTE
    ../clib/angel/startup.s                  0x00000000   Number         0  __main.o ABSOLUTE
    ../clib/angel/sys.s                      0x00000000   Number         0  libspace.o ABSOLUTE
    ../clib/angel/sys.s                      0x00000000   Number         0  sys_stackheap_outer.o ABSOLUTE
    ../clib/angel/sys.s                      0x00000000   Number         0  use_no_semi.o ABSOLUTE
    ../clib/angel/sys.s                      0x00000000   Number         0  indicate_semi.o ABSOLUTE
    ../clib/angel/sysapp.c                   0x00000000   Number         0  sys_exit.o ABSOLUTE
    ../clib/angel/sysapp.c                   0x00000000   Number         0  sys_exit_hlt.o ABSOLUTE
    ../clib/angel/sysapp.c                   0x00000000   Number         0  sys_wrch.o ABSOLUTE
    ../clib/angel/sysapp.c                   0x00000000   Number         0  sys_wrch_hlt.o ABSOLUTE
    ../clib/angel/sysapp.c                   0x00000000   Number         0  sys_command.o ABSOLUTE
    ../clib/angel/sysapp.c                   0x00000000   Number         0  sys_command_hlt.o ABSOLUTE
    ../clib/armsys.c                         0x00000000   Number         0  argv_veneer.o ABSOLUTE
    ../clib/armsys.c                         0x00000000   Number         0  argv_veneer.o ABSOLUTE
    ../clib/armsys.c                         0x00000000   Number         0  _get_argv_nomalloc.o ABSOLUTE
    ../clib/armsys.c                         0x00000000   Number         0  no_argv.o ABSOLUTE
    ../clib/fenv.c                           0x00000000   Number         0  _rserrno.o ABSOLUTE
    ../clib/heapalloc.c                      0x00000000   Number         0  hrguard.o ABSOLUTE
    ../clib/heapaux.c                        0x00000000   Number         0  heapauxi.o ABSOLUTE
    ../clib/libinit.s                        0x00000000   Number         0  libinit.o ABSOLUTE
    ../clib/libinit.s                        0x00000000   Number         0  libinit2.o ABSOLUTE
    ../clib/libinit.s                        0x00000000   Number         0  libshutdown.o ABSOLUTE
    ../clib/libinit.s                        0x00000000   Number         0  libshutdown2.o ABSOLUTE
    ../clib/longlong.s                       0x00000000   Number         0  lludivv7m.o ABSOLUTE
    ../clib/longlong.s                       0x00000000   Number         0  llsdiv.o ABSOLUTE
    ../clib/memcpset.s                       0x00000000   Number         0  rt_memcpy_v6.o ABSOLUTE
    ../clib/memcpset.s                       0x00000000   Number         0  rt_memcpy_w.o ABSOLUTE
    ../clib/memcpset.s                       0x00000000   Number         0  aeabi_memset.o ABSOLUTE
    ../clib/memcpset.s                       0x00000000   Number         0  rt_memclr.o ABSOLUTE
    ../clib/memcpset.s                       0x00000000   Number         0  rt_memclr_w.o ABSOLUTE
    ../clib/signal.c                         0x00000000   Number         0  defsig_fpe_outer.o ABSOLUTE
    ../clib/signal.c                         0x00000000   Number         0  defsig_fpe_formal.o ABSOLUTE
    ../clib/signal.c                         0x00000000   Number         0  defsig_exit.o ABSOLUTE
    ../clib/signal.c                         0x00000000   Number         0  defsig_fpe_inner.o ABSOLUTE
    ../clib/signal.c                         0x00000000   Number         0  __raise.o ABSOLUTE
    ../clib/signal.c                         0x00000000   Number         0  defsig_general.o ABSOLUTE
    ../clib/signal.c                         0x00000000   Number         0  defsig_abrt_inner.o ABSOLUTE
    ../clib/signal.c                         0x00000000   Number         0  defsig_rtred_inner.o ABSOLUTE
    ../clib/signal.c                         0x00000000   Number         0  defsig_rtmem_inner.o ABSOLUTE
    ../clib/signal.c                         0x00000000   Number         0  defsig_rtmem_outer.o ABSOLUTE
    ../clib/signal.c                         0x00000000   Number         0  defsig_rtmem_formal.o ABSOLUTE
    ../clib/signal.c                         0x00000000   Number         0  defsig_stak_inner.o ABSOLUTE
    ../clib/signal.c                         0x00000000   Number         0  defsig_pvfn_inner.o ABSOLUTE
    ../clib/signal.c                         0x00000000   Number         0  defsig_cppl_inner.o ABSOLUTE
    ../clib/signal.c                         0x00000000   Number         0  defsig_segv_inner.o ABSOLUTE
    ../clib/signal.c                         0x00000000   Number         0  defsig_other.o ABSOLUTE
    ../clib/signal.s                         0x00000000   Number         0  defsig.o ABSOLUTE
    ../clib/stdlib.c                         0x00000000   Number         0  exit.o ABSOLUTE
    ../fplib/basic.s                         0x00000000   Number         0  basic.o ABSOLUTE
    ../fplib/cfplib/d2h.c                    0x00000000   Number         0  d2h.o ABSOLUTE
    ../fplib/d2f.s                           0x00000000   Number         0  d2f.o ABSOLUTE
    ../fplib/daddsub.s                       0x00000000   Number         0  daddsub_clz.o ABSOLUTE
    ../fplib/dcmp.s                          0x00000000   Number         0  dcmp.o ABSOLUTE
    ../fplib/dcmpi.s                         0x00000000   Number         0  dcmpi.o ABSOLUTE
    ../fplib/ddiv.s                          0x00000000   Number         0  ddiv.o ABSOLUTE
    ../fplib/deqf.s                          0x00000000   Number         0  deqf.o ABSOLUTE
    ../fplib/dfix.s                          0x00000000   Number         0  dfix.o ABSOLUTE
    ../fplib/dfixll.s                        0x00000000   Number         0  dfixll.o ABSOLUTE
    ../fplib/dflt.s                          0x00000000   Number         0  dflt_clz.o ABSOLUTE
    ../fplib/dgeqf.s                         0x00000000   Number         0  dgeqf.o ABSOLUTE
    ../fplib/dleqf.s                         0x00000000   Number         0  dleqf.o ABSOLUTE
    ../fplib/dmul.s                          0x00000000   Number         0  dmul.o ABSOLUTE
    ../fplib/dnaninf.s                       0x00000000   Number         0  dnaninf.o ABSOLUTE
    ../fplib/dretinf.s                       0x00000000   Number         0  dretinf.o ABSOLUTE
    ../fplib/drleqf.s                        0x00000000   Number         0  drleqf.o ABSOLUTE
    ../fplib/dsqrt.s                         0x00000000   Number         0  dsqrt_umaal.o ABSOLUTE
    ../fplib/f2d.s                           0x00000000   Number         0  f2d.o ABSOLUTE
    ../fplib/fnaninf.s                       0x00000000   Number         0  fnaninf.o ABSOLUTE
    ../fplib/fpinit.s                        0x00000000   Number         0  fpinit.o ABSOLUTE
    ../fplib/fretinf.s                       0x00000000   Number         0  fretinf.o ABSOLUTE
    ../fplib/istatus.s                       0x00000000   Number         0  istatus.o ABSOLUTE
    ../fplib/usenofp.s                       0x00000000   Number         0  usenofp.o ABSOLUTE
    ../mathlib/atan.c                        0x00000000   Number         0  atan.o ABSOLUTE
    ../mathlib/cos.c                         0x00000000   Number         0  cos.o ABSOLUTE
    ../mathlib/cos_i.c                       0x00000000   Number         0  cos_i.o ABSOLUTE
    ../mathlib/cosf.c                        0x00000000   Number         0  cosf.o ABSOLUTE
    ../mathlib/dunder.c                      0x00000000   Number         0  dunder.o ABSOLUTE
    ../mathlib/exp.c                         0x00000000   Number         0  exp.o ABSOLUTE
    ../mathlib/expf.c                        0x00000000   Number         0  expf.o ABSOLUTE
    ../mathlib/fabs.c                        0x00000000   Number         0  fabs.o ABSOLUTE
    ../mathlib/floorf.c                      0x00000000   Number         0  floorf.o ABSOLUTE
    ../mathlib/fpclassify.c                  0x00000000   Number         0  fpclassify.o ABSOLUTE
    ../mathlib/fpclassifyf.c                 0x00000000   Number         0  fpclassifyf.o ABSOLUTE
    ../mathlib/funder.c                      0x00000000   Number         0  funder.o ABSOLUTE
    ../mathlib/log.c                         0x00000000   Number         0  log.o ABSOLUTE
    ../mathlib/logf.c                        0x00000000   Number         0  logf.o ABSOLUTE
    ../mathlib/poly.c                        0x00000000   Number         0  poly.o ABSOLUTE
    ../mathlib/powf.c                        0x00000000   Number         0  powf.o ABSOLUTE
    ../mathlib/qnan.c                        0x00000000   Number         0  qnan.o ABSOLUTE
    ../mathlib/rred.c                        0x00000000   Number         0  rred.o ABSOLUTE
    ../mathlib/rredf.c                       0x00000000   Number         0  rredf.o ABSOLUTE
    ../mathlib/sin_i.c                       0x00000000   Number         0  sin_i.o ABSOLUTE
    ../mathlib/sqrt.c                        0x00000000   Number         0  sqrt.o ABSOLUTE
    ../mathlib/tanhf.c                       0x00000000   Number         0  tanhf.o ABSOLUTE
    ADC.c                                    0x00000000   Number         0  adc.o ABSOLUTE
    BasicMathFunctions.c                     0x00000000   Number         0  basicmathfunctions.o ABSOLUTE
    BasicMathFunctionsF16.c                  0x00000000   Number         0  basicmathfunctionsf16.o ABSOLUTE
    BayesFunctions.c                         0x00000000   Number         0  bayesfunctions.o ABSOLUTE
    BayesFunctionsF16.c                      0x00000000   Number         0  bayesfunctionsf16.o ABSOLUTE
    CommonTables.c                           0x00000000   Number         0  commontables.o ABSOLUTE
    CommonTablesF16.c                        0x00000000   Number         0  commontablesf16.o ABSOLUTE
    ComplexMathFunctions.c                   0x00000000   Number         0  complexmathfunctions.o ABSOLUTE
    ComplexMathFunctionsF16.c                0x00000000   Number         0  complexmathfunctionsf16.o ABSOLUTE
    ControllerFunctions.c                    0x00000000   Number         0  controllerfunctions.o ABSOLUTE
    DAC.c                                    0x00000000   Number         0  dac.o ABSOLUTE
    DistanceFunctions.c                      0x00000000   Number         0  distancefunctions.o ABSOLUTE
    DistanceFunctionsF16.c                   0x00000000   Number         0  distancefunctionsf16.o ABSOLUTE
    FastMathFunctions.c                      0x00000000   Number         0  fastmathfunctions.o ABSOLUTE
    FastMathFunctionsF16.c                   0x00000000   Number         0  fastmathfunctionsf16.o ABSOLUTE
    FilteringFunctions.c                     0x00000000   Number         0  filteringfunctions.o ABSOLUTE
    FilteringFunctionsF16.c                  0x00000000   Number         0  filteringfunctionsf16.o ABSOLUTE
    InterpolationFunctions.c                 0x00000000   Number         0  interpolationfunctions.o ABSOLUTE
    InterpolationFunctionsF16.c              0x00000000   Number         0  interpolationfunctionsf16.o ABSOLUTE
    MatrixFunctions.c                        0x00000000   Number         0  matrixfunctions.o ABSOLUTE
    MatrixFunctionsF16.c                     0x00000000   Number         0  matrixfunctionsf16.o ABSOLUTE
    QuaternionMathFunctions.c                0x00000000   Number         0  quaternionmathfunctions.o ABSOLUTE
    SVMFunctions.c                           0x00000000   Number         0  svmfunctions.o ABSOLUTE
    SVMFunctionsF16.c                        0x00000000   Number         0  svmfunctionsf16.o ABSOLUTE
    StatisticsFunctions.c                    0x00000000   Number         0  statisticsfunctions.o ABSOLUTE
    StatisticsFunctionsF16.c                 0x00000000   Number         0  statisticsfunctionsf16.o ABSOLUTE
    SupportFunctions.c                       0x00000000   Number         0  supportfunctions.o ABSOLUTE
    SupportFunctionsF16.c                    0x00000000   Number         0  supportfunctionsf16.o ABSOLUTE
    TransformFunctions.c                     0x00000000   Number         0  transformfunctions.o ABSOLUTE
    TransformFunctionsF16.c                  0x00000000   Number         0  transformfunctionsf16.o ABSOLUTE
    WindowFunctions.c                        0x00000000   Number         0  windowfunctions.o ABSOLUTE
    audioTone.c                              0x00000000   Number         0  audiotone.o ABSOLUTE
    dc.s                                     0x00000000   Number         0  dc.o ABSOLUTE
    demodulatorClock.c                       0x00000000   Number         0  demodulatorclock.o ABSOLUTE
    frequencyMeasure.c                       0x00000000   Number         0  frequencymeasure.o ABSOLUTE
    invertingChargePump.c                    0x00000000   Number         0  invertingchargepump.o ABSOLUTE
    main.c                                   0x00000000   Number         0  main.o ABSOLUTE
    rotaryEncoder.c                          0x00000000   Number         0  rotaryencoder.o ABSOLUTE
    startup_stm32f303x8.s                    0x00000000   Number         0  startup_stm32f303x8.o ABSOLUTE
    stm32f3xx_hal.c                          0x00000000   Number         0  stm32f3xx_hal.o ABSOLUTE
    stm32f3xx_hal_cortex.c                   0x00000000   Number         0  stm32f3xx_hal_cortex.o ABSOLUTE
    stm32f3xx_hal_dma.c                      0x00000000   Number         0  stm32f3xx_hal_dma.o ABSOLUTE
    stm32f3xx_hal_exti.c                     0x00000000   Number         0  stm32f3xx_hal_exti.o ABSOLUTE
    stm32f3xx_hal_flash.c                    0x00000000   Number         0  stm32f3xx_hal_flash.o ABSOLUTE
    stm32f3xx_hal_flash_ex.c                 0x00000000   Number         0  stm32f3xx_hal_flash_ex.o ABSOLUTE
    stm32f3xx_hal_gpio.c                     0x00000000   Number         0  stm32f3xx_hal_gpio.o ABSOLUTE
    stm32f3xx_hal_i2c.c                      0x00000000   Number         0  stm32f3xx_hal_i2c.o ABSOLUTE
    stm32f3xx_hal_i2c_ex.c                   0x00000000   Number         0  stm32f3xx_hal_i2c_ex.o ABSOLUTE
    stm32f3xx_hal_msp.c                      0x00000000   Number         0  stm32f3xx_hal_msp.o ABSOLUTE
    stm32f3xx_hal_pwr.c                      0x00000000   Number         0  stm32f3xx_hal_pwr.o ABSOLUTE
    stm32f3xx_hal_pwr_ex.c                   0x00000000   Number         0  stm32f3xx_hal_pwr_ex.o ABSOLUTE
    stm32f3xx_hal_rcc.c                      0x00000000   Number         0  stm32f3xx_hal_rcc.o ABSOLUTE
    stm32f3xx_hal_rcc_ex.c                   0x00000000   Number         0  stm32f3xx_hal_rcc_ex.o ABSOLUTE
    stm32f3xx_hal_spi.c                      0x00000000   Number         0  stm32f3xx_hal_spi.o ABSOLUTE
    stm32f3xx_hal_spi_ex.c                   0x00000000   Number         0  stm32f3xx_hal_spi_ex.o ABSOLUTE
    stm32f3xx_it.c                           0x00000000   Number         0  stm32f3xx_it.o ABSOLUTE
    system_stm32f3xx.c                       0x00000000   Number         0  system_stm32f3xx.o ABSOLUTE
    RESET                                    0x08000000   Section      392  startup_stm32f303x8.o(RESET)
    !!!main                                  0x08000188   Section        8  __main.o(!!!main)
    !!!scatter                               0x08000190   Section       92  __scatter.o(!!!scatter)
    !!handler_copy                           0x080001ec   Section       26  __scatter_copy.o(!!handler_copy)
    !!handler_null                           0x08000208   Section        2  __scatter.o(!!handler_null)
    !!handler_zi                             0x0800020c   Section       28  __scatter_zi.o(!!handler_zi)
    .ARM.Collect$$libinit$$00000000          0x08000228   Section        2  libinit.o(.ARM.Collect$$libinit$$00000000)
    .ARM.Collect$$libinit$$00000001          0x0800022a   Section        4  libinit2.o(.ARM.Collect$$libinit$$00000001)
    .ARM.Collect$$libinit$$00000004          0x0800022e   Section        0  libinit2.o(.ARM.Collect$$libinit$$00000004)
    .ARM.Collect$$libinit$$00000006          0x0800022e   Section        0  libinit2.o(.ARM.Collect$$libinit$$00000006)
    .ARM.Collect$$libinit$$0000000C          0x0800022e   Section        0  libinit2.o(.ARM.Collect$$libinit$$0000000C)
    .ARM.Collect$$libinit$$0000000E          0x0800022e   Section        0  libinit2.o(.ARM.Collect$$libinit$$0000000E)
    .ARM.Collect$$libinit$$00000010          0x0800022e   Section        0  libinit2.o(.ARM.Collect$$libinit$$00000010)
    .ARM.Collect$$libinit$$00000013          0x0800022e   Section        0  libinit2.o(.ARM.Collect$$libinit$$00000013)
    .ARM.Collect$$libinit$$00000015          0x0800022e   Section        0  libinit2.o(.ARM.Collect$$libinit$$00000015)
    .ARM.Collect$$libinit$$00000017          0x0800022e   Section        0  libinit2.o(.ARM.Collect$$libinit$$00000017)
    .ARM.Collect$$libinit$$00000019          0x0800022e   Section        0  libinit2.o(.ARM.Collect$$libinit$$00000019)
    .ARM.Collect$$libinit$$0000001B          0x0800022e   Section        0  libinit2.o(.ARM.Collect$$libinit$$0000001B)
    .ARM.Collect$$libinit$$0000001D          0x0800022e   Section        0  libinit2.o(.ARM.Collect$$libinit$$0000001D)
    .ARM.Collect$$libinit$$0000001F          0x0800022e   Section        0  libinit2.o(.ARM.Collect$$libinit$$0000001F)
    .ARM.Collect$$libinit$$00000021          0x0800022e   Section        0  libinit2.o(.ARM.Collect$$libinit$$00000021)
    .ARM.Collect$$libinit$$00000023          0x0800022e   Section        0  libinit2.o(.ARM.Collect$$libinit$$00000023)
    .ARM.Collect$$libinit$$00000025          0x0800022e   Section        0  libinit2.o(.ARM.Collect$$libinit$$00000025)
    .ARM.Collect$$libinit$$00000027          0x0800022e   Section        0  libinit2.o(.ARM.Collect$$libinit$$00000027)
    .ARM.Collect$$libinit$$0000002E          0x0800022e   Section        0  libinit2.o(.ARM.Collect$$libinit$$0000002E)
    .ARM.Collect$$libinit$$00000030          0x0800022e   Section        0  libinit2.o(.ARM.Collect$$libinit$$00000030)
    .ARM.Collect$$libinit$$00000032          0x0800022e   Section        0  libinit2.o(.ARM.Collect$$libinit$$00000032)
    .ARM.Collect$$libinit$$00000034          0x0800022e   Section        0  libinit2.o(.ARM.Collect$$libinit$$00000034)
    .ARM.Collect$$libinit$$00000035          0x0800022e   Section        2  libinit2.o(.ARM.Collect$$libinit$$00000035)
    .ARM.Collect$$libshutdown$$00000000      0x08000230   Section        2  libshutdown.o(.ARM.Collect$$libshutdown$$00000000)
    .ARM.Collect$$libshutdown$$00000002      0x08000232   Section        0  libshutdown2.o(.ARM.Collect$$libshutdown$$00000002)
    .ARM.Collect$$libshutdown$$00000004      0x08000232   Section        0  libshutdown2.o(.ARM.Collect$$libshutdown$$00000004)
    .ARM.Collect$$libshutdown$$00000007      0x08000232   Section        0  libshutdown2.o(.ARM.Collect$$libshutdown$$00000007)
    .ARM.Collect$$libshutdown$$0000000A      0x08000232   Section        0  libshutdown2.o(.ARM.Collect$$libshutdown$$0000000A)
    .ARM.Collect$$libshutdown$$0000000C      0x08000232   Section        0  libshutdown2.o(.ARM.Collect$$libshutdown$$0000000C)
    .ARM.Collect$$libshutdown$$0000000F      0x08000232   Section        0  libshutdown2.o(.ARM.Collect$$libshutdown$$0000000F)
    .ARM.Collect$$libshutdown$$00000010      0x08000232   Section        2  libshutdown2.o(.ARM.Collect$$libshutdown$$00000010)
    .ARM.Collect$$rtentry$$00000000          0x08000234   Section        0  __rtentry.o(.ARM.Collect$$rtentry$$00000000)
    .ARM.Collect$$rtentry$$00000002          0x08000234   Section        0  __rtentry2.o(.ARM.Collect$$rtentry$$00000002)
    .ARM.Collect$$rtentry$$00000004          0x08000234   Section        6  __rtentry4.o(.ARM.Collect$$rtentry$$00000004)
    .ARM.Collect$$rtentry$$00000009          0x0800023a   Section        0  __rtentry2.o(.ARM.Collect$$rtentry$$00000009)
    .ARM.Collect$$rtentry$$0000000A          0x0800023a   Section        4  __rtentry2.o(.ARM.Collect$$rtentry$$0000000A)
    .ARM.Collect$$rtentry$$0000000C          0x0800023e   Section        0  __rtentry2.o(.ARM.Collect$$rtentry$$0000000C)
    .ARM.Collect$$rtentry$$0000000D          0x0800023e   Section        8  __rtentry2.o(.ARM.Collect$$rtentry$$0000000D)
    .ARM.Collect$$rtexit$$00000000           0x08000246   Section        2  rtexit.o(.ARM.Collect$$rtexit$$00000000)
    .ARM.Collect$$rtexit$$00000002           0x08000248   Section        0  rtexit2.o(.ARM.Collect$$rtexit$$00000002)
    .ARM.Collect$$rtexit$$00000003           0x08000248   Section        4  rtexit2.o(.ARM.Collect$$rtexit$$00000003)
    .ARM.Collect$$rtexit$$00000004           0x0800024c   Section        6  rtexit2.o(.ARM.Collect$$rtexit$$00000004)
    $v0                                      0x08000254   Number         0  startup_stm32f303x8.o(.text)
    .text                                    0x08000254   Section       64  startup_stm32f303x8.o(.text)
    .text                                    0x08000294   Section        0  heapauxi.o(.text)
    .text                                    0x0800029a   Section        0  _rserrno.o(.text)
    .text                                    0x080002b0   Section        8  rt_errno_addr_intlibspace.o(.text)
    .text                                    0x080002b8   Section        8  libspace.o(.text)
    .text                                    0x080002c0   Section       74  sys_stackheap_outer.o(.text)
    .text                                    0x0800030a   Section        0  exit.o(.text)
    .text                                    0x0800031c   Section        0  sys_exit.o(.text)
    .text                                    0x08000328   Section        2  use_no_semi.o(.text)
    .text                                    0x0800032a   Section        0  indicate_semi.o(.text)
    [Anonymous Symbol]                       0x0800032c   Section        0  adc.o(.text.ADC1_2_IRQHandler)
    [Anonymous Symbol]                       0x080003c0   Section        0  adc.o(.text.ADC1_Init)
    [Anonymous Symbol]                       0x0800047c   Section        0  adc.o(.text.ADC1_Read)
    [Anonymous Symbol]                       0x080004ac   Section        0  stm32f3xx_it.o(.text.BusFault_Handler)
    [Anonymous Symbol]                       0x080004b0   Section        0  dac.o(.text.DACInit)
    [Anonymous Symbol]                       0x08000500   Section        0  stm32f3xx_it.o(.text.DebugMon_Handler)
    [Anonymous Symbol]                       0x08000504   Section        0  frequencymeasure.o(.text.EXTI0Config)
    [Anonymous Symbol]                       0x0800057c   Section        0  frequencymeasure.o(.text.EXTI0_IRQHandler)
    [Anonymous Symbol]                       0x0800066c   Section        0  rotaryencoder.o(.text.EXTI1Config)
    [Anonymous Symbol]                       0x08000714   Section        0  rotaryencoder.o(.text.EXTI1_IRQHandler)
    [Anonymous Symbol]                       0x0800076c   Section        0  rotaryencoder.o(.text.EXTI2Config)
    [Anonymous Symbol]                       0x080007e4   Section        0  rotaryencoder.o(.text.EXTI2_TSC_IRQHandler)
    [Anonymous Symbol]                       0x08000808   Section        0  stm32f3xx_hal_gpio.o(.text.HAL_GPIO_Init)
    [Anonymous Symbol]                       0x080009c4   Section        0  stm32f3xx_hal.o(.text.HAL_GetTick)
    [Anonymous Symbol]                       0x080009d0   Section        0  stm32f3xx_hal_i2c_ex.o(.text.HAL_I2CEx_ConfigAnalogFilter)
    [Anonymous Symbol]                       0x08000a1c   Section        0  stm32f3xx_hal_i2c_ex.o(.text.HAL_I2CEx_ConfigDigitalFilter)
    [Anonymous Symbol]                       0x08000a64   Section        0  stm32f3xx_hal_i2c.o(.text.HAL_I2C_Init)
    [Anonymous Symbol]                       0x08000b14   Section        0  stm32f3xx_hal_msp.o(.text.HAL_I2C_MspInit)
    [Anonymous Symbol]                       0x08000b88   Section        0  stm32f3xx_hal.o(.text.HAL_IncTick)
    [Anonymous Symbol]                       0x08000ba4   Section        0  stm32f3xx_hal.o(.text.HAL_Init)
    [Anonymous Symbol]                       0x08000bcc   Section        0  stm32f3xx_hal.o(.text.HAL_InitTick)
    [Anonymous Symbol]                       0x08000c14   Section        0  stm32f3xx_hal_msp.o(.text.HAL_MspInit)
    [Anonymous Symbol]                       0x08000c48   Section        0  stm32f3xx_hal_cortex.o(.text.HAL_NVIC_SetPriority)
    [Anonymous Symbol]                       0x08000ca0   Section        0  stm32f3xx_hal_cortex.o(.text.HAL_NVIC_SetPriorityGrouping)
    [Anonymous Symbol]                       0x08000cc0   Section        0  stm32f3xx_hal_rcc_ex.o(.text.HAL_RCCEx_PeriphCLKConfig)
    [Anonymous Symbol]                       0x08000dec   Section        0  stm32f3xx_hal_rcc.o(.text.HAL_RCC_ClockConfig)
    [Anonymous Symbol]                       0x08000f88   Section        0  stm32f3xx_hal_rcc.o(.text.HAL_RCC_OscConfig)
    [Anonymous Symbol]                       0x08001324   Section        0  stm32f3xx_hal_spi.o(.text.HAL_SPI_Init)
    [Anonymous Symbol]                       0x08001400   Section        0  stm32f3xx_hal_msp.o(.text.HAL_SPI_MspInit)
    [Anonymous Symbol]                       0x08001470   Section        0  stm32f3xx_hal_cortex.o(.text.HAL_SYSTICK_Config)
    [Anonymous Symbol]                       0x0800149c   Section        0  stm32f3xx_it.o(.text.HardFault_Handler)
    [Anonymous Symbol]                       0x080014a0   Section        0  stm32f3xx_it.o(.text.MemManage_Handler)
    [Anonymous Symbol]                       0x080014a4   Section        0  stm32f3xx_it.o(.text.NMI_Handler)
    [Anonymous Symbol]                       0x080014a8   Section        0  stm32f3xx_it.o(.text.PendSV_Handler)
    [Anonymous Symbol]                       0x080014ac   Section        0  stm32f3xx_it.o(.text.SVC_Handler)
    [Anonymous Symbol]                       0x080014b0   Section        0  stm32f3xx_it.o(.text.SysTick_Handler)
    [Anonymous Symbol]                       0x0800150c   Section        0  main.o(.text.SystemClock_Config)
    [Anonymous Symbol]                       0x080015b0   Section        0  system_stm32f3xx.o(.text.SystemInit)
    [Anonymous Symbol]                       0x080015c4   Section        0  demodulatorclock.o(.text.TIM1_BRK_TIM15_IRQHandler)
    [Anonymous Symbol]                       0x08001688   Section        0  invertingchargepump.o(.text.TIM1_UP_TIM16_IRQHandler)
    [Anonymous Symbol]                       0x0800170c   Section        0  audiotone.o(.text.TIM6Init)
    [Anonymous Symbol]                       0x0800176c   Section        0  audiotone.o(.text.TIM6_DAC1_IRQHandler)
    [Anonymous Symbol]                       0x080017e0   Section        0  audiotone.o(.text.TIM7Init)
    [Anonymous Symbol]                       0x08001840   Section        0  audiotone.o(.text.TIM7_DAC2_IRQHandler)
    [Anonymous Symbol]                       0x080018d4   Section        0  stm32f3xx_it.o(.text.UsageFault_Handler)
    [Anonymous Symbol]                       0x080018d8   Section        0  main.o(.text.main)
    [Anonymous Symbol]                       0x08001aa8   Section        0  demodulatorclock.o(.text.timer15Init)
    [Anonymous Symbol]                       0x08001b64   Section        0  invertingchargepump.o(.text.timer16Init)
    [Anonymous Symbol]                       0x08001c14   Section        0  frequencymeasure.o(.text.timer17Init)
    [Anonymous Symbol]                       0x08001c70   Section        0  audiotone.o(.text.toneInit)
    i.__ARM_fpclassify                       0x08001c96   Section        0  fpclassify.o(i.__ARM_fpclassify)
    i.__hardfp_atan                          0x08001cc8   Section        0  atan.o(i.__hardfp_atan)
    i.__hardfp_sqrt                          0x08001fa0   Section        0  sqrt.o(i.__hardfp_sqrt)
    i.__kernel_poly                          0x0800201a   Section        0  poly.o(i.__kernel_poly)
    i.__mathlib_dbl_infnan                   0x08002112   Section        0  dunder.o(i.__mathlib_dbl_infnan)
    i.__mathlib_dbl_underflow                0x08002128   Section        0  dunder.o(i.__mathlib_dbl_underflow)
    i.fabs                                   0x08002148   Section        0  fabs.o(i.fabs)
    $v0                                      0x08002160   Number         0  basic.o(x$fpl$basic)
    x$fpl$basic                              0x08002160   Section       24  basic.o(x$fpl$basic)
    $v0                                      0x08002178   Number         0  d2f.o(x$fpl$d2f)
    x$fpl$d2f                                0x08002178   Section       98  d2f.o(x$fpl$d2f)
    $v0                                      0x080021dc   Number         0  daddsub_clz.o(x$fpl$dadd)
    x$fpl$dadd                               0x080021dc   Section      336  daddsub_clz.o(x$fpl$dadd)
    _dadd1                                   0x080021ed   Thumb Code     0  daddsub_clz.o(x$fpl$dadd)
    $v0                                      0x0800232c   Number         0  ddiv.o(x$fpl$ddiv)
    x$fpl$ddiv                               0x0800232c   Section      696  ddiv.o(x$fpl$ddiv)
    ddiv_entry                               0x08002333   Thumb Code     0  ddiv.o(x$fpl$ddiv)
    $v0                                      0x080025e4   Number         0  dflt_clz.o(x$fpl$dflt)
    x$fpl$dflt                               0x080025e4   Section       46  dflt_clz.o(x$fpl$dflt)
    $v0                                      0x08002614   Number         0  dmul.o(x$fpl$dmul)
    x$fpl$dmul                               0x08002614   Section      340  dmul.o(x$fpl$dmul)
    $v0                                      0x08002768   Number         0  dnaninf.o(x$fpl$dnaninf)
    x$fpl$dnaninf                            0x08002768   Section      156  dnaninf.o(x$fpl$dnaninf)
    $v0                                      0x08002804   Number         0  dretinf.o(x$fpl$dretinf)
    x$fpl$dretinf                            0x08002804   Section       12  dretinf.o(x$fpl$dretinf)
    $v0                                      0x08002810   Number         0  daddsub_clz.o(x$fpl$drsb)
    x$fpl$drsb                               0x08002810   Section       22  daddsub_clz.o(x$fpl$drsb)
    $v0                                      0x08002828   Number         0  dsqrt_umaal.o(x$fpl$dsqrt)
    x$fpl$dsqrt                              0x08002828   Section      408  dsqrt_umaal.o(x$fpl$dsqrt)
    $v0                                      0x080029c0   Number         0  daddsub_clz.o(x$fpl$dsub)
    x$fpl$dsub                               0x080029c0   Section      476  daddsub_clz.o(x$fpl$dsub)
    _dsub1                                   0x080029d1   Thumb Code     0  daddsub_clz.o(x$fpl$dsub)
    $v0                                      0x08002b9c   Number         0  f2d.o(x$fpl$f2d)
    x$fpl$f2d                                0x08002b9c   Section       86  f2d.o(x$fpl$f2d)
    $v0                                      0x08002bf2   Number         0  fnaninf.o(x$fpl$fnaninf)
    x$fpl$fnaninf                            0x08002bf2   Section      140  fnaninf.o(x$fpl$fnaninf)
    $v0                                      0x08002c7e   Number         0  fpinit.o(x$fpl$fpinit)
    x$fpl$fpinit                             0x08002c7e   Section       26  fpinit.o(x$fpl$fpinit)
    $v0                                      0x08002c98   Number         0  fretinf.o(x$fpl$fretinf)
    x$fpl$fretinf                            0x08002c98   Section       10  fretinf.o(x$fpl$fretinf)
    x$fpl$usenofp                            0x08002ca2   Section        0  usenofp.o(x$fpl$usenofp)
    atanhi                                   0x08002ca8   Data          32  atan.o(.constdata)
    .constdata                               0x08002ca8   Section      152  atan.o(.constdata)
    atanlo                                   0x08002cc8   Data          32  atan.o(.constdata)
    aTodd                                    0x08002ce8   Data          40  atan.o(.constdata)
    aTeven                                   0x08002d10   Data          48  atan.o(.constdata)
    aPLLMULFactorTable                       0x08002d50   Data          16  stm32f3xx_hal_rcc.o(.rodata.cst16)
    [Anonymous Symbol]                       0x08002d50   Section        0  stm32f3xx_hal_rcc.o(.rodata.cst16)
    aPredivFactorTable                       0x08002d60   Data          16  stm32f3xx_hal_rcc.o(.rodata.cst16)
    .L_MergedGlobals                         0x20000000   Data           8  stm32f3xx_hal.o(.data..L_MergedGlobals)
    [Anonymous Symbol]                       0x20000000   Section        0  stm32f3xx_hal.o(.data..L_MergedGlobals)
    .bss                                     0x20000028   Section       96  libspace.o(.bss)
    .L_MergedGlobals                         0x20000088   Data         104  main.o(.bss..L_MergedGlobals)
    [Anonymous Symbol]                       0x20000088   Section        0  main.o(.bss..L_MergedGlobals)
    .L_MergedGlobals                         0x200000f0   Data          16  adc.o(.bss..L_MergedGlobals)
    [Anonymous Symbol]                       0x200000f0   Section        0  adc.o(.bss..L_MergedGlobals)
    Heap_Mem                                 0x20000190   Data         512  startup_stm32f303x8.o(HEAP)
    HEAP                                     0x20000190   Section      512  startup_stm32f303x8.o(HEAP)
    Stack_Mem                                0x20000390   Data        1024  startup_stm32f303x8.o(STACK)
    STACK                                    0x20000390   Section     1024  startup_stm32f303x8.o(STACK)
    __initial_sp                             0x20000790   Data           0  startup_stm32f303x8.o(STACK)

    Global Symbols

    Symbol Name                              Value     Ov Type        Size  Object(Section)

    BuildAttributes$$THM_ISAv4$E$P$D$K$B$S$7EM$VFPi3$EXTD16$VFPS$VFMA$PE$A:L22UL41UL21$X:L11$S22US41US21$IEEE1$IW$~IW$USESV6$~STKCKD$USESV7$~SHL$OTIME$ROPI$IEEEX$EBA8$UX$STANDARDLIB$REQ8$PRES8$EABIv2 0x00000000   Number         0  anon$$obj.o ABSOLUTE
    __ARM_exceptions_init                     - Undefined Weak Reference
    __alloca_initialize                       - Undefined Weak Reference
    __arm_preinit_                            - Undefined Weak Reference
    __arm_relocate_pie_                       - Undefined Weak Reference
    __cpp_initialize__aeabi_                  - Undefined Weak Reference
    __cxa_finalize                            - Undefined Weak Reference
    __rt_locale                               - Undefined Weak Reference
    __sigvec_lookup                           - Undefined Weak Reference
    _atexit_init                              - Undefined Weak Reference
    _call_atexit_fns                          - Undefined Weak Reference
    _clock_init                               - Undefined Weak Reference
    _fp_trap_init                             - Undefined Weak Reference
    _fp_trap_shutdown                         - Undefined Weak Reference
    _get_lc_collate                           - Undefined Weak Reference
    _get_lc_ctype                             - Undefined Weak Reference
    _get_lc_monetary                          - Undefined Weak Reference
    _get_lc_numeric                           - Undefined Weak Reference
    _get_lc_time                              - Undefined Weak Reference
    _getenv_init                              - Undefined Weak Reference
    _handle_redirection                       - Undefined Weak Reference
    _init_alloc                               - Undefined Weak Reference
    _init_user_alloc                          - Undefined Weak Reference
    _initio                                   - Undefined Weak Reference
    _rand_init                                - Undefined Weak Reference
    _signal_finish                            - Undefined Weak Reference
    _signal_init                              - Undefined Weak Reference
    _terminate_alloc                          - Undefined Weak Reference
    _terminate_user_alloc                     - Undefined Weak Reference
    _terminateio                              - Undefined Weak Reference
    __Vectors_Size                           0x00000188   Number         0  startup_stm32f303x8.o ABSOLUTE
    __Vectors                                0x08000000   Data           4  startup_stm32f303x8.o(RESET)
    __Vectors_End                            0x08000188   Data           0  startup_stm32f303x8.o(RESET)
    __main                                   0x08000189   Thumb Code     8  __main.o(!!!main)
    __scatterload                            0x08000191   Thumb Code     0  __scatter.o(!!!scatter)
    __scatterload_rt2                        0x08000191   Thumb Code    84  __scatter.o(!!!scatter)
    __scatterload_rt2_thumb_only             0x08000191   Thumb Code     0  __scatter.o(!!!scatter)
    __scatterload_loop                       0x0800019b   Thumb Code     0  __scatter.o(!!!scatter)
    __scatterload_copy                       0x080001ed   Thumb Code    26  __scatter_copy.o(!!handler_copy)
    __scatterload_null                       0x08000209   Thumb Code     2  __scatter.o(!!handler_null)
    __scatterload_zeroinit                   0x0800020d   Thumb Code    28  __scatter_zi.o(!!handler_zi)
    __rt_lib_init                            0x08000229   Thumb Code     0  libinit.o(.ARM.Collect$$libinit$$00000000)
    __rt_lib_init_fp_1                       0x0800022b   Thumb Code     0  libinit2.o(.ARM.Collect$$libinit$$00000001)
    __rt_lib_init_alloca_1                   0x0800022f   Thumb Code     0  libinit2.o(.ARM.Collect$$libinit$$00000030)
    __rt_lib_init_argv_1                     0x0800022f   Thumb Code     0  libinit2.o(.ARM.Collect$$libinit$$0000002E)
    __rt_lib_init_atexit_1                   0x0800022f   Thumb Code     0  libinit2.o(.ARM.Collect$$libinit$$0000001D)
    __rt_lib_init_clock_1                    0x0800022f   Thumb Code     0  libinit2.o(.ARM.Collect$$libinit$$00000023)
    __rt_lib_init_cpp_1                      0x0800022f   Thumb Code     0  libinit2.o(.ARM.Collect$$libinit$$00000034)
    __rt_lib_init_exceptions_1               0x0800022f   Thumb Code     0  libinit2.o(.ARM.Collect$$libinit$$00000032)
    __rt_lib_init_fp_trap_1                  0x0800022f   Thumb Code     0  libinit2.o(.ARM.Collect$$libinit$$00000021)
    __rt_lib_init_getenv_1                   0x0800022f   Thumb Code     0  libinit2.o(.ARM.Collect$$libinit$$00000025)
    __rt_lib_init_heap_1                     0x0800022f   Thumb Code     0  libinit2.o(.ARM.Collect$$libinit$$0000000C)
    __rt_lib_init_lc_collate_1               0x0800022f   Thumb Code     0  libinit2.o(.ARM.Collect$$libinit$$00000013)
    __rt_lib_init_lc_ctype_1                 0x0800022f   Thumb Code     0  libinit2.o(.ARM.Collect$$libinit$$00000015)
    __rt_lib_init_lc_monetary_1              0x0800022f   Thumb Code     0  libinit2.o(.ARM.Collect$$libinit$$00000017)
    __rt_lib_init_lc_numeric_1               0x0800022f   Thumb Code     0  libinit2.o(.ARM.Collect$$libinit$$00000019)
    __rt_lib_init_lc_time_1                  0x0800022f   Thumb Code     0  libinit2.o(.ARM.Collect$$libinit$$0000001B)
    __rt_lib_init_preinit_1                  0x0800022f   Thumb Code     0  libinit2.o(.ARM.Collect$$libinit$$00000006)
    __rt_lib_init_rand_1                     0x0800022f   Thumb Code     0  libinit2.o(.ARM.Collect$$libinit$$00000010)
    __rt_lib_init_relocate_pie_1             0x0800022f   Thumb Code     0  libinit2.o(.ARM.Collect$$libinit$$00000004)
    __rt_lib_init_return                     0x0800022f   Thumb Code     0  libinit2.o(.ARM.Collect$$libinit$$00000035)
    __rt_lib_init_signal_1                   0x0800022f   Thumb Code     0  libinit2.o(.ARM.Collect$$libinit$$0000001F)
    __rt_lib_init_stdio_1                    0x0800022f   Thumb Code     0  libinit2.o(.ARM.Collect$$libinit$$00000027)
    __rt_lib_init_user_alloc_1               0x0800022f   Thumb Code     0  libinit2.o(.ARM.Collect$$libinit$$0000000E)
    __rt_lib_shutdown                        0x08000231   Thumb Code     0  libshutdown.o(.ARM.Collect$$libshutdown$$00000000)
    __rt_lib_shutdown_cpp_1                  0x08000233   Thumb Code     0  libshutdown2.o(.ARM.Collect$$libshutdown$$00000002)
    __rt_lib_shutdown_fp_trap_1              0x08000233   Thumb Code     0  libshutdown2.o(.ARM.Collect$$libshutdown$$00000007)
    __rt_lib_shutdown_heap_1                 0x08000233   Thumb Code     0  libshutdown2.o(.ARM.Collect$$libshutdown$$0000000F)
    __rt_lib_shutdown_return                 0x08000233   Thumb Code     0  libshutdown2.o(.ARM.Collect$$libshutdown$$00000010)
    __rt_lib_shutdown_signal_1               0x08000233   Thumb Code     0  libshutdown2.o(.ARM.Collect$$libshutdown$$0000000A)
    __rt_lib_shutdown_stdio_1                0x08000233   Thumb Code     0  libshutdown2.o(.ARM.Collect$$libshutdown$$00000004)
    __rt_lib_shutdown_user_alloc_1           0x08000233   Thumb Code     0  libshutdown2.o(.ARM.Collect$$libshutdown$$0000000C)
    __rt_entry                               0x08000235   Thumb Code     0  __rtentry.o(.ARM.Collect$$rtentry$$00000000)
    __rt_entry_presh_1                       0x08000235   Thumb Code     0  __rtentry2.o(.ARM.Collect$$rtentry$$00000002)
    __rt_entry_sh                            0x08000235   Thumb Code     0  __rtentry4.o(.ARM.Collect$$rtentry$$00000004)
    __rt_entry_li                            0x0800023b   Thumb Code     0  __rtentry2.o(.ARM.Collect$$rtentry$$0000000A)
    __rt_entry_postsh_1                      0x0800023b   Thumb Code     0  __rtentry2.o(.ARM.Collect$$rtentry$$00000009)
    __rt_entry_main                          0x0800023f   Thumb Code     0  __rtentry2.o(.ARM.Collect$$rtentry$$0000000D)
    __rt_entry_postli_1                      0x0800023f   Thumb Code     0  __rtentry2.o(.ARM.Collect$$rtentry$$0000000C)
    __rt_exit                                0x08000247   Thumb Code     0  rtexit.o(.ARM.Collect$$rtexit$$00000000)
    __rt_exit_ls                             0x08000249   Thumb Code     0  rtexit2.o(.ARM.Collect$$rtexit$$00000003)
    __rt_exit_prels_1                        0x08000249   Thumb Code     0  rtexit2.o(.ARM.Collect$$rtexit$$00000002)
    __rt_exit_exit                           0x0800024d   Thumb Code     0  rtexit2.o(.ARM.Collect$$rtexit$$00000004)
    Reset_Handler                            0x08000255   Thumb Code     8  startup_stm32f303x8.o(.text)
    CAN_RX0_IRQHandler                       0x0800026f   Thumb Code     0  startup_stm32f303x8.o(.text)
    CAN_RX1_IRQHandler                       0x0800026f   Thumb Code     0  startup_stm32f303x8.o(.text)
    CAN_SCE_IRQHandler                       0x0800026f   Thumb Code     0  startup_stm32f303x8.o(.text)
    CAN_TX_IRQHandler                        0x0800026f   Thumb Code     0  startup_stm32f303x8.o(.text)
    COMP2_IRQHandler                         0x0800026f   Thumb Code     0  startup_stm32f303x8.o(.text)
    COMP4_6_IRQHandler                       0x0800026f   Thumb Code     0  startup_stm32f303x8.o(.text)
    DMA1_Channel1_IRQHandler                 0x0800026f   Thumb Code     0  startup_stm32f303x8.o(.text)
    DMA1_Channel2_IRQHandler                 0x0800026f   Thumb Code     0  startup_stm32f303x8.o(.text)
    DMA1_Channel3_IRQHandler                 0x0800026f   Thumb Code     0  startup_stm32f303x8.o(.text)
    DMA1_Channel4_IRQHandler                 0x0800026f   Thumb Code     0  startup_stm32f303x8.o(.text)
    DMA1_Channel5_IRQHandler                 0x0800026f   Thumb Code     0  startup_stm32f303x8.o(.text)
    DMA1_Channel6_IRQHandler                 0x0800026f   Thumb Code     0  startup_stm32f303x8.o(.text)
    DMA1_Channel7_IRQHandler                 0x0800026f   Thumb Code     0  startup_stm32f303x8.o(.text)
    EXTI15_10_IRQHandler                     0x0800026f   Thumb Code     0  startup_stm32f303x8.o(.text)
    EXTI3_IRQHandler                         0x0800026f   Thumb Code     0  startup_stm32f303x8.o(.text)
    EXTI4_IRQHandler                         0x0800026f   Thumb Code     0  startup_stm32f303x8.o(.text)
    EXTI9_5_IRQHandler                       0x0800026f   Thumb Code     0  startup_stm32f303x8.o(.text)
    FLASH_IRQHandler                         0x0800026f   Thumb Code     0  startup_stm32f303x8.o(.text)
    FPU_IRQHandler                           0x0800026f   Thumb Code     0  startup_stm32f303x8.o(.text)
    I2C1_ER_IRQHandler                       0x0800026f   Thumb Code     0  startup_stm32f303x8.o(.text)
    I2C1_EV_IRQHandler                       0x0800026f   Thumb Code     0  startup_stm32f303x8.o(.text)
    PVD_IRQHandler                           0x0800026f   Thumb Code     0  startup_stm32f303x8.o(.text)
    RCC_IRQHandler                           0x0800026f   Thumb Code     0  startup_stm32f303x8.o(.text)
    RTC_Alarm_IRQHandler                     0x0800026f   Thumb Code     0  startup_stm32f303x8.o(.text)
    RTC_WKUP_IRQHandler                      0x0800026f   Thumb Code     0  startup_stm32f303x8.o(.text)
    SPI1_IRQHandler                          0x0800026f   Thumb Code     0  startup_stm32f303x8.o(.text)
    TAMP_STAMP_IRQHandler                    0x0800026f   Thumb Code     0  startup_stm32f303x8.o(.text)
    TIM1_CC_IRQHandler                       0x0800026f   Thumb Code     0  startup_stm32f303x8.o(.text)
    TIM1_TRG_COM_TIM17_IRQHandler            0x0800026f   Thumb Code     0  startup_stm32f303x8.o(.text)
    TIM2_IRQHandler                          0x0800026f   Thumb Code     0  startup_stm32f303x8.o(.text)
    TIM3_IRQHandler                          0x0800026f   Thumb Code     0  startup_stm32f303x8.o(.text)
    USART1_IRQHandler                        0x0800026f   Thumb Code     0  startup_stm32f303x8.o(.text)
    USART2_IRQHandler                        0x0800026f   Thumb Code     0  startup_stm32f303x8.o(.text)
    USART3_IRQHandler                        0x0800026f   Thumb Code     0  startup_stm32f303x8.o(.text)
    WWDG_IRQHandler                          0x0800026f   Thumb Code     0  startup_stm32f303x8.o(.text)
    __user_initial_stackheap                 0x08000271   Thumb Code     0  startup_stm32f303x8.o(.text)
    __use_two_region_memory                  0x08000295   Thumb Code     2  heapauxi.o(.text)
    __rt_heap_escrow$2region                 0x08000297   Thumb Code     2  heapauxi.o(.text)
    __rt_heap_expand$2region                 0x08000299   Thumb Code     2  heapauxi.o(.text)
    __read_errno                             0x0800029b   Thumb Code    10  _rserrno.o(.text)
    __set_errno                              0x080002a5   Thumb Code    12  _rserrno.o(.text)
    __aeabi_errno_addr                       0x080002b1   Thumb Code     8  rt_errno_addr_intlibspace.o(.text)
    __errno$intlibspace                      0x080002b1   Thumb Code     0  rt_errno_addr_intlibspace.o(.text)
    __rt_errno_addr$intlibspace              0x080002b1   Thumb Code     0  rt_errno_addr_intlibspace.o(.text)
    __user_libspace                          0x080002b9   Thumb Code     8  libspace.o(.text)
    __user_perproc_libspace                  0x080002b9   Thumb Code     0  libspace.o(.text)
    __user_perthread_libspace                0x080002b9   Thumb Code     0  libspace.o(.text)
    __user_setup_stackheap                   0x080002c1   Thumb Code    74  sys_stackheap_outer.o(.text)
    exit                                     0x0800030b   Thumb Code    18  exit.o(.text)
    _sys_exit                                0x0800031d   Thumb Code     8  sys_exit.o(.text)
    __I$use$semihosting                      0x08000329   Thumb Code     0  use_no_semi.o(.text)
    __use_no_semihosting_swi                 0x08000329   Thumb Code     2  use_no_semi.o(.text)
    __semihosting_library_function           0x0800032b   Thumb Code     0  indicate_semi.o(.text)
    ADC1_2_IRQHandler                        0x0800032d   Thumb Code   146  adc.o(.text.ADC1_2_IRQHandler)
    ADC1_Init                                0x080003c1   Thumb Code   188  adc.o(.text.ADC1_Init)
    ADC1_Read                                0x0800047d   Thumb Code    46  adc.o(.text.ADC1_Read)
    BusFault_Handler                         0x080004ad   Thumb Code     2  stm32f3xx_it.o(.text.BusFault_Handler)
    DACInit                                  0x080004b1   Thumb Code    80  dac.o(.text.DACInit)
    DebugMon_Handler                         0x08000501   Thumb Code     2  stm32f3xx_it.o(.text.DebugMon_Handler)
    EXTI0Config                              0x08000505   Thumb Code   120  frequencymeasure.o(.text.EXTI0Config)
    EXTI0_IRQHandler                         0x0800057d   Thumb Code   238  frequencymeasure.o(.text.EXTI0_IRQHandler)
    EXTI1Config                              0x0800066d   Thumb Code   168  rotaryencoder.o(.text.EXTI1Config)
    EXTI1_IRQHandler                         0x08000715   Thumb Code    88  rotaryencoder.o(.text.EXTI1_IRQHandler)
    EXTI2Config                              0x0800076d   Thumb Code   120  rotaryencoder.o(.text.EXTI2Config)
    EXTI2_TSC_IRQHandler                     0x080007e5   Thumb Code    34  rotaryencoder.o(.text.EXTI2_TSC_IRQHandler)
    HAL_GPIO_Init                            0x08000809   Thumb Code   442  stm32f3xx_hal_gpio.o(.text.HAL_GPIO_Init)
    HAL_GetTick                              0x080009c5   Thumb Code    12  stm32f3xx_hal.o(.text.HAL_GetTick)
    HAL_I2CEx_ConfigAnalogFilter             0x080009d1   Thumb Code    74  stm32f3xx_hal_i2c_ex.o(.text.HAL_I2CEx_ConfigAnalogFilter)
    HAL_I2CEx_ConfigDigitalFilter            0x08000a1d   Thumb Code    72  stm32f3xx_hal_i2c_ex.o(.text.HAL_I2CEx_ConfigDigitalFilter)
    HAL_I2C_Init                             0x08000a65   Thumb Code   176  stm32f3xx_hal_i2c.o(.text.HAL_I2C_Init)
    HAL_I2C_MspInit                          0x08000b15   Thumb Code   116  stm32f3xx_hal_msp.o(.text.HAL_I2C_MspInit)
    HAL_IncTick                              0x08000b89   Thumb Code    26  stm32f3xx_hal.o(.text.HAL_IncTick)
    HAL_Init                                 0x08000ba5   Thumb Code    38  stm32f3xx_hal.o(.text.HAL_Init)
    HAL_InitTick                             0x08000bcd   Thumb Code    72  stm32f3xx_hal.o(.text.HAL_InitTick)
    HAL_MspInit                              0x08000c15   Thumb Code    50  stm32f3xx_hal_msp.o(.text.HAL_MspInit)
    HAL_NVIC_SetPriority                     0x08000c49   Thumb Code    86  stm32f3xx_hal_cortex.o(.text.HAL_NVIC_SetPriority)
    HAL_NVIC_SetPriorityGrouping             0x08000ca1   Thumb Code    32  stm32f3xx_hal_cortex.o(.text.HAL_NVIC_SetPriorityGrouping)
    HAL_RCCEx_PeriphCLKConfig                0x08000cc1   Thumb Code   298  stm32f3xx_hal_rcc_ex.o(.text.HAL_RCCEx_PeriphCLKConfig)
    HAL_RCC_ClockConfig                      0x08000ded   Thumb Code   410  stm32f3xx_hal_rcc.o(.text.HAL_RCC_ClockConfig)
    HAL_RCC_OscConfig                        0x08000f89   Thumb Code   924  stm32f3xx_hal_rcc.o(.text.HAL_RCC_OscConfig)
    HAL_SPI_Init                             0x08001325   Thumb Code   220  stm32f3xx_hal_spi.o(.text.HAL_SPI_Init)
    HAL_SPI_MspInit                          0x08001401   Thumb Code   112  stm32f3xx_hal_msp.o(.text.HAL_SPI_MspInit)
    HAL_SYSTICK_Config                       0x08001471   Thumb Code    44  stm32f3xx_hal_cortex.o(.text.HAL_SYSTICK_Config)
    HardFault_Handler                        0x0800149d   Thumb Code     2  stm32f3xx_it.o(.text.HardFault_Handler)
    MemManage_Handler                        0x080014a1   Thumb Code     2  stm32f3xx_it.o(.text.MemManage_Handler)
    NMI_Handler                              0x080014a5   Thumb Code     2  stm32f3xx_it.o(.text.NMI_Handler)
    PendSV_Handler                           0x080014a9   Thumb Code     2  stm32f3xx_it.o(.text.PendSV_Handler)
    SVC_Handler                              0x080014ad   Thumb Code     2  stm32f3xx_it.o(.text.SVC_Handler)
    SysTick_Handler                          0x080014b1   Thumb Code    90  stm32f3xx_it.o(.text.SysTick_Handler)
    SystemClock_Config                       0x0800150d   Thumb Code   164  main.o(.text.SystemClock_Config)
    SystemInit                               0x080015b1   Thumb Code    18  system_stm32f3xx.o(.text.SystemInit)
    TIM1_BRK_TIM15_IRQHandler                0x080015c5   Thumb Code   196  demodulatorclock.o(.text.TIM1_BRK_TIM15_IRQHandler)
    TIM1_UP_TIM16_IRQHandler                 0x08001689   Thumb Code   132  invertingchargepump.o(.text.TIM1_UP_TIM16_IRQHandler)
    TIM6Init                                 0x0800170d   Thumb Code    96  audiotone.o(.text.TIM6Init)
    TIM6_DAC1_IRQHandler                     0x0800176d   Thumb Code   116  audiotone.o(.text.TIM6_DAC1_IRQHandler)
    TIM7Init                                 0x080017e1   Thumb Code    96  audiotone.o(.text.TIM7Init)
    TIM7_DAC2_IRQHandler                     0x08001841   Thumb Code   146  audiotone.o(.text.TIM7_DAC2_IRQHandler)
    UsageFault_Handler                       0x080018d5   Thumb Code     2  stm32f3xx_it.o(.text.UsageFault_Handler)
    main                                     0x080018d9   Thumb Code   456  main.o(.text.main)
    timer15Init                              0x08001aa9   Thumb Code   186  demodulatorclock.o(.text.timer15Init)
    timer16Init                              0x08001b65   Thumb Code   174  invertingchargepump.o(.text.timer16Init)
    timer17Init                              0x08001c15   Thumb Code    90  frequencymeasure.o(.text.timer17Init)
    toneInit                                 0x08001c71   Thumb Code    38  audiotone.o(.text.toneInit)
    __ARM_fpclassify                         0x08001c97   Thumb Code    48  fpclassify.o(i.__ARM_fpclassify)
    __hardfp_atan                            0x08001cc9   Thumb Code   622  atan.o(i.__hardfp_atan)
    __hardfp_sqrt                            0x08001fa1   Thumb Code   122  sqrt.o(i.__hardfp_sqrt)
    __kernel_poly                            0x0800201b   Thumb Code   248  poly.o(i.__kernel_poly)
    __mathlib_dbl_infnan                     0x08002113   Thumb Code    20  dunder.o(i.__mathlib_dbl_infnan)
    __mathlib_dbl_underflow                  0x08002129   Thumb Code    24  dunder.o(i.__mathlib_dbl_underflow)
    fabs                                     0x08002149   Thumb Code    24  fabs.o(i.fabs)
    __aeabi_dneg                             0x08002161   Thumb Code     0  basic.o(x$fpl$basic)
    _dneg                                    0x08002161   Thumb Code     6  basic.o(x$fpl$basic)
    __aeabi_fneg                             0x08002167   Thumb Code     0  basic.o(x$fpl$basic)
    _fneg                                    0x08002167   Thumb Code     6  basic.o(x$fpl$basic)
    _dabs                                    0x0800216d   Thumb Code     6  basic.o(x$fpl$basic)
    _fabs                                    0x08002173   Thumb Code     6  basic.o(x$fpl$basic)
    __aeabi_d2f                              0x08002179   Thumb Code     0  d2f.o(x$fpl$d2f)
    _d2f                                     0x08002179   Thumb Code    98  d2f.o(x$fpl$d2f)
    __aeabi_dadd                             0x080021dd   Thumb Code     0  daddsub_clz.o(x$fpl$dadd)
    _dadd                                    0x080021dd   Thumb Code   332  daddsub_clz.o(x$fpl$dadd)
    __aeabi_ddiv                             0x0800232d   Thumb Code     0  ddiv.o(x$fpl$ddiv)
    _ddiv                                    0x0800232d   Thumb Code   560  ddiv.o(x$fpl$ddiv)
    __aeabi_i2d                              0x080025e5   Thumb Code     0  dflt_clz.o(x$fpl$dflt)
    _dflt                                    0x080025e5   Thumb Code    46  dflt_clz.o(x$fpl$dflt)
    __aeabi_dmul                             0x08002615   Thumb Code     0  dmul.o(x$fpl$dmul)
    _dmul                                    0x08002615   Thumb Code   332  dmul.o(x$fpl$dmul)
    __fpl_dnaninf                            0x08002769   Thumb Code   156  dnaninf.o(x$fpl$dnaninf)
    __fpl_dretinf                            0x08002805   Thumb Code    12  dretinf.o(x$fpl$dretinf)
    __aeabi_drsub                            0x08002811   Thumb Code     0  daddsub_clz.o(x$fpl$drsb)
    _drsb                                    0x08002811   Thumb Code    22  daddsub_clz.o(x$fpl$drsb)
    _dsqrt                                   0x08002829   Thumb Code   404  dsqrt_umaal.o(x$fpl$dsqrt)
    __aeabi_dsub                             0x080029c1   Thumb Code     0  daddsub_clz.o(x$fpl$dsub)
    _dsub                                    0x080029c1   Thumb Code   472  daddsub_clz.o(x$fpl$dsub)
    __aeabi_f2d                              0x08002b9d   Thumb Code     0  f2d.o(x$fpl$f2d)
    _f2d                                     0x08002b9d   Thumb Code    86  f2d.o(x$fpl$f2d)
    __fpl_fnaninf                            0x08002bf3   Thumb Code   140  fnaninf.o(x$fpl$fnaninf)
    _fp_init                                 0x08002c7f   Thumb Code    26  fpinit.o(x$fpl$fpinit)
    __fplib_config_fpu_vfp                   0x08002c97   Thumb Code     0  fpinit.o(x$fpl$fpinit)
    __fplib_config_pureend_doubles           0x08002c97   Thumb Code     0  fpinit.o(x$fpl$fpinit)
    __fpl_fretinf                            0x08002c99   Thumb Code    10  fretinf.o(x$fpl$fretinf)
    __I$use$fp                               0x08002ca2   Number         0  usenofp.o(x$fpl$usenofp)
    AHBPrescTable                            0x08002d40   Data          16  system_stm32f3xx.o(.rodata.AHBPrescTable)
    Region$$Table$$Base                      0x08002d70   Number         0  anon$$obj.o(Region$$Table)
    Region$$Table$$Limit                     0x08002d90   Number         0  anon$$obj.o(Region$$Table)
    uwTickFreq                               0x20000000   Data           1  stm32f3xx_hal.o(.data..L_MergedGlobals)
    uwTickPrio                               0x20000004   Data           4  stm32f3xx_hal.o(.data..L_MergedGlobals)
    ARRbaseHigh                              0x20000008   Data           4  main.o(.data.ARRbaseHigh)
    ARRbaseLow                               0x2000000c   Data           4  main.o(.data.ARRbaseLow)
    Ithreshold                               0x20000010   Data           4  main.o(.data.Ithreshold)
    K                                        0x20000014   Data           4  main.o(.data.K)
    Qthreshold                               0x20000018   Data           4  main.o(.data.Qthreshold)
    SystemCoreClock                          0x2000001c   Data           4  system_stm32f3xx.o(.data.SystemCoreClock)
    conversionFlag                           0x20000020   Data           4  stm32f3xx_it.o(.data.conversionFlag)
    oscTime                                  0x20000024   Data           4  main.o(.data.oscTime)
    __libspace_start                         0x20000028   Data          96  libspace.o(.bss)
    __temporary_stack_top$libspace           0x20000088   Data           0  libspace.o(.bss)
    evaluateAngle                            0x20000088   Data           4  main.o(.bss..L_MergedGlobals)
    Q                                        0x2000008c   Data           4  main.o(.bss..L_MergedGlobals)
    I                                        0x20000090   Data           4  main.o(.bss..L_MergedGlobals)
    magnitude                                0x20000094   Data           4  main.o(.bss..L_MergedGlobals)
    phase                                    0x20000098   Data           4  main.o(.bss..L_MergedGlobals)
    hi2c1                                    0x2000009c   Data          84  main.o(.bss..L_MergedGlobals)
    Qacc                                     0x200000f0   Data           4  adc.o(.bss..L_MergedGlobals)
    Iacc                                     0x200000f4   Data           4  adc.o(.bss..L_MergedGlobals)
    i                                        0x200000f8   Data           4  adc.o(.bss..L_MergedGlobals)
    j                                        0x200000fc   Data           4  adc.o(.bss..L_MergedGlobals)
    Itone                                    0x20000100   Data           4  main.o(.bss.Itone)
    Qtone                                    0x20000104   Data           4  main.o(.bss.Qtone)
    acquisition                              0x20000108   Data           4  main.o(.bss.acquisition)
    encoderCounter                           0x2000010c   Data           4  main.o(.bss.encoderCounter)
    hspi1                                    0x20000110   Data         100  main.o(.bss.hspi1)
    n                                        0x20000174   Data           4  stm32f3xx_it.o(.bss.n)
    nextI                                    0x20000178   Data           4  main.o(.bss.nextI)
    nextQ                                    0x2000017c   Data           4  main.o(.bss.nextQ)
    prevI                                    0x20000180   Data           4  main.o(.bss.prevI)
    prevQ                                    0x20000184   Data           4  main.o(.bss.prevQ)
    uwTick                                   0x20000188   Data           4  stm32f3xx_hal.o(.bss.uwTick)



==============================================================================

Memory Map of the image

  Image Entry point : 0x08000189

  Load Region LR_IROM1 (Base: 0x08000000, Size: 0x00002db8, Max: 0x00010000, ABSOLUTE)

    Execution Region ER_IROM1 (Exec base: 0x08000000, Load base: 0x08000000, Size: 0x00002d90, Max: 0x00010000, ABSOLUTE)

    Exec Addr    Load Addr    Size         Type   Attr      Idx    E Section Name        Object

    0x08000000   0x08000000   0x00000188   Data   RO            3    RESET               startup_stm32f303x8.o
    0x08000188   0x08000188   0x00000008   Code   RO         2845  * !!!main             c_w.l(__main.o)
    0x08000190   0x08000190   0x0000005c   Code   RO         3213    !!!scatter          c_w.l(__scatter.o)
    0x080001ec   0x080001ec   0x0000001a   Code   RO         3217    !!handler_copy      c_w.l(__scatter_copy.o)
    0x08000206   0x08000206   0x00000002   PAD
    0x08000208   0x08000208   0x00000002   Code   RO         3214    !!handler_null      c_w.l(__scatter.o)
    0x0800020a   0x0800020a   0x00000002   PAD
    0x0800020c   0x0800020c   0x0000001c   Code   RO         3219    !!handler_zi        c_w.l(__scatter_zi.o)
    0x08000228   0x08000228   0x00000002   Code   RO         3078    .ARM.Collect$$libinit$$00000000  c_w.l(libinit.o)
    0x0800022a   0x0800022a   0x00000004   Code   RO         3087    .ARM.Collect$$libinit$$00000001  c_w.l(libinit2.o)
    0x0800022e   0x0800022e   0x00000000   Code   RO         3090    .ARM.Collect$$libinit$$00000004  c_w.l(libinit2.o)
    0x0800022e   0x0800022e   0x00000000   Code   RO         3092    .ARM.Collect$$libinit$$00000006  c_w.l(libinit2.o)
    0x0800022e   0x0800022e   0x00000000   Code   RO         3095    .ARM.Collect$$libinit$$0000000C  c_w.l(libinit2.o)
    0x0800022e   0x0800022e   0x00000000   Code   RO         3097    .ARM.Collect$$libinit$$0000000E  c_w.l(libinit2.o)
    0x0800022e   0x0800022e   0x00000000   Code   RO         3099    .ARM.Collect$$libinit$$00000010  c_w.l(libinit2.o)
    0x0800022e   0x0800022e   0x00000000   Code   RO         3102    .ARM.Collect$$libinit$$00000013  c_w.l(libinit2.o)
    0x0800022e   0x0800022e   0x00000000   Code   RO         3104    .ARM.Collect$$libinit$$00000015  c_w.l(libinit2.o)
    0x0800022e   0x0800022e   0x00000000   Code   RO         3106    .ARM.Collect$$libinit$$00000017  c_w.l(libinit2.o)
    0x0800022e   0x0800022e   0x00000000   Code   RO         3108    .ARM.Collect$$libinit$$00000019  c_w.l(libinit2.o)
    0x0800022e   0x0800022e   0x00000000   Code   RO         3110    .ARM.Collect$$libinit$$0000001B  c_w.l(libinit2.o)
    0x0800022e   0x0800022e   0x00000000   Code   RO         3112    .ARM.Collect$$libinit$$0000001D  c_w.l(libinit2.o)
    0x0800022e   0x0800022e   0x00000000   Code   RO         3114    .ARM.Collect$$libinit$$0000001F  c_w.l(libinit2.o)
    0x0800022e   0x0800022e   0x00000000   Code   RO         3116    .ARM.Collect$$libinit$$00000021  c_w.l(libinit2.o)
    0x0800022e   0x0800022e   0x00000000   Code   RO         3118    .ARM.Collect$$libinit$$00000023  c_w.l(libinit2.o)
    0x0800022e   0x0800022e   0x00000000   Code   RO         3120    .ARM.Collect$$libinit$$00000025  c_w.l(libinit2.o)
    0x0800022e   0x0800022e   0x00000000   Code   RO         3122    .ARM.Collect$$libinit$$00000027  c_w.l(libinit2.o)
    0x0800022e   0x0800022e   0x00000000   Code   RO         3126    .ARM.Collect$$libinit$$0000002E  c_w.l(libinit2.o)
    0x0800022e   0x0800022e   0x00000000   Code   RO         3128    .ARM.Collect$$libinit$$00000030  c_w.l(libinit2.o)
    0x0800022e   0x0800022e   0x00000000   Code   RO         3130    .ARM.Collect$$libinit$$00000032  c_w.l(libinit2.o)
    0x0800022e   0x0800022e   0x00000000   Code   RO         3132    .ARM.Collect$$libinit$$00000034  c_w.l(libinit2.o)
    0x0800022e   0x0800022e   0x00000002   Code   RO         3133    .ARM.Collect$$libinit$$00000035  c_w.l(libinit2.o)
    0x08000230   0x08000230   0x00000002   Code   RO         3168    .ARM.Collect$$libshutdown$$00000000  c_w.l(libshutdown.o)
    0x08000232   0x08000232   0x00000000   Code   RO         3196    .ARM.Collect$$libshutdown$$00000002  c_w.l(libshutdown2.o)
    0x08000232   0x08000232   0x00000000   Code   RO         3198    .ARM.Collect$$libshutdown$$00000004  c_w.l(libshutdown2.o)
    0x08000232   0x08000232   0x00000000   Code   RO         3201    .ARM.Collect$$libshutdown$$00000007  c_w.l(libshutdown2.o)
    0x08000232   0x08000232   0x00000000   Code   RO         3204    .ARM.Collect$$libshutdown$$0000000A  c_w.l(libshutdown2.o)
    0x08000232   0x08000232   0x00000000   Code   RO         3206    .ARM.Collect$$libshutdown$$0000000C  c_w.l(libshutdown2.o)
    0x08000232   0x08000232   0x00000000   Code   RO         3209    .ARM.Collect$$libshutdown$$0000000F  c_w.l(libshutdown2.o)
    0x08000232   0x08000232   0x00000002   Code   RO         3210    .ARM.Collect$$libshutdown$$00000010  c_w.l(libshutdown2.o)
    0x08000234   0x08000234   0x00000000   Code   RO         2953    .ARM.Collect$$rtentry$$00000000  c_w.l(__rtentry.o)
    0x08000234   0x08000234   0x00000000   Code   RO         3039    .ARM.Collect$$rtentry$$00000002  c_w.l(__rtentry2.o)
    0x08000234   0x08000234   0x00000006   Code   RO         3051    .ARM.Collect$$rtentry$$00000004  c_w.l(__rtentry4.o)
    0x0800023a   0x0800023a   0x00000000   Code   RO         3041    .ARM.Collect$$rtentry$$00000009  c_w.l(__rtentry2.o)
    0x0800023a   0x0800023a   0x00000004   Code   RO         3042    .ARM.Collect$$rtentry$$0000000A  c_w.l(__rtentry2.o)
    0x0800023e   0x0800023e   0x00000000   Code   RO         3044    .ARM.Collect$$rtentry$$0000000C  c_w.l(__rtentry2.o)
    0x0800023e   0x0800023e   0x00000008   Code   RO         3045    .ARM.Collect$$rtentry$$0000000D  c_w.l(__rtentry2.o)
    0x08000246   0x08000246   0x00000002   Code   RO         3079    .ARM.Collect$$rtexit$$00000000  c_w.l(rtexit.o)
    0x08000248   0x08000248   0x00000000   Code   RO         3139    .ARM.Collect$$rtexit$$00000002  c_w.l(rtexit2.o)
    0x08000248   0x08000248   0x00000004   Code   RO         3140    .ARM.Collect$$rtexit$$00000003  c_w.l(rtexit2.o)
    0x0800024c   0x0800024c   0x00000006   Code   RO         3141    .ARM.Collect$$rtexit$$00000004  c_w.l(rtexit2.o)
    0x08000252   0x08000252   0x00000002   PAD
    0x08000254   0x08000254   0x00000040   Code   RO            4    .text               startup_stm32f303x8.o
    0x08000294   0x08000294   0x00000006   Code   RO         2843    .text               c_w.l(heapauxi.o)
    0x0800029a   0x0800029a   0x00000016   Code   RO         2958    .text               c_w.l(_rserrno.o)
    0x080002b0   0x080002b0   0x00000008   Code   RO         3058    .text               c_w.l(rt_errno_addr_intlibspace.o)
    0x080002b8   0x080002b8   0x00000008   Code   RO         3062    .text               c_w.l(libspace.o)
    0x080002c0   0x080002c0   0x0000004a   Code   RO         3065    .text               c_w.l(sys_stackheap_outer.o)
    0x0800030a   0x0800030a   0x00000012   Code   RO         3067    .text               c_w.l(exit.o)
    0x0800031c   0x0800031c   0x0000000c   Code   RO         3134    .text               c_w.l(sys_exit.o)
    0x08000328   0x08000328   0x00000002   Code   RO         3157    .text               c_w.l(use_no_semi.o)
    0x0800032a   0x0800032a   0x00000000   Code   RO         3159    .text               c_w.l(indicate_semi.o)
    0x0800032a   0x0800032a   0x00000002   PAD
    0x0800032c   0x0800032c   0x00000092   Code   RO          794    .text.ADC1_2_IRQHandler  adc.o
    0x080003be   0x080003be   0x00000002   PAD
    0x080003c0   0x080003c0   0x000000bc   Code   RO          790    .text.ADC1_Init     adc.o
    0x0800047c   0x0800047c   0x0000002e   Code   RO          792    .text.ADC1_Read     adc.o
    0x080004aa   0x080004aa   0x00000002   PAD
    0x080004ac   0x080004ac   0x00000002   Code   RO           49    .text.BusFault_Handler  stm32f3xx_it.o
    0x080004ae   0x080004ae   0x00000002   PAD
    0x080004b0   0x080004b0   0x00000050   Code   RO          822    .text.DACInit       dac.o
    0x08000500   0x08000500   0x00000002   Code   RO           55    .text.DebugMon_Handler  stm32f3xx_it.o
    0x08000502   0x08000502   0x00000002   PAD
    0x08000504   0x08000504   0x00000078   Code   RO          751    .text.EXTI0Config   frequencymeasure.o
    0x0800057c   0x0800057c   0x000000ee   Code   RO          755    .text.EXTI0_IRQHandler  frequencymeasure.o
    0x0800066a   0x0800066a   0x00000002   PAD
    0x0800066c   0x0800066c   0x000000a8   Code   RO          775    .text.EXTI1Config   rotaryencoder.o
    0x08000714   0x08000714   0x00000058   Code   RO          779    .text.EXTI1_IRQHandler  rotaryencoder.o
    0x0800076c   0x0800076c   0x00000078   Code   RO          777    .text.EXTI2Config   rotaryencoder.o
    0x080007e4   0x080007e4   0x00000022   Code   RO          781    .text.EXTI2_TSC_IRQHandler  rotaryencoder.o
    0x08000806   0x08000806   0x00000002   PAD
    0x08000808   0x08000808   0x000001ba   Code   RO          373    .text.HAL_GPIO_Init  stm32f3xx_hal_gpio.o
    0x080009c2   0x080009c2   0x00000002   PAD
    0x080009c4   0x080009c4   0x0000000c   Code   RO          274    .text.HAL_GetTick   stm32f3xx_hal.o
    0x080009d0   0x080009d0   0x0000004a   Code   RO          242    .text.HAL_I2CEx_ConfigAnalogFilter  stm32f3xx_hal_i2c_ex.o
    0x08000a1a   0x08000a1a   0x00000002   PAD
    0x08000a1c   0x08000a1c   0x00000048   Code   RO          244    .text.HAL_I2CEx_ConfigDigitalFilter  stm32f3xx_hal_i2c_ex.o
    0x08000a64   0x08000a64   0x000000b0   Code   RO           88    .text.HAL_I2C_Init  stm32f3xx_hal_i2c.o
    0x08000b14   0x08000b14   0x00000074   Code   RO           72    .text.HAL_I2C_MspInit  stm32f3xx_hal_msp.o
    0x08000b88   0x08000b88   0x0000001a   Code   RO          272    .text.HAL_IncTick   stm32f3xx_hal.o
    0x08000ba2   0x08000ba2   0x00000002   PAD
    0x08000ba4   0x08000ba4   0x00000026   Code   RO          262    .text.HAL_Init      stm32f3xx_hal.o
    0x08000bca   0x08000bca   0x00000002   PAD
    0x08000bcc   0x08000bcc   0x00000048   Code   RO          264    .text.HAL_InitTick  stm32f3xx_hal.o
    0x08000c14   0x08000c14   0x00000032   Code   RO           70    .text.HAL_MspInit   stm32f3xx_hal_msp.o
    0x08000c46   0x08000c46   0x00000002   PAD
    0x08000c48   0x08000c48   0x00000056   Code   RO          431    .text.HAL_NVIC_SetPriority  stm32f3xx_hal_cortex.o
    0x08000c9e   0x08000c9e   0x00000002   PAD
    0x08000ca0   0x08000ca0   0x00000020   Code   RO          429    .text.HAL_NVIC_SetPriorityGrouping  stm32f3xx_hal_cortex.o
    0x08000cc0   0x08000cc0   0x0000012a   Code   RO          359    .text.HAL_RCCEx_PeriphCLKConfig  stm32f3xx_hal_rcc_ex.o
    0x08000dea   0x08000dea   0x00000002   PAD
    0x08000dec   0x08000dec   0x0000019a   Code   RO          326    .text.HAL_RCC_ClockConfig  stm32f3xx_hal_rcc.o
    0x08000f86   0x08000f86   0x00000002   PAD
    0x08000f88   0x08000f88   0x0000039c   Code   RO          324    .text.HAL_RCC_OscConfig  stm32f3xx_hal_rcc.o
    0x08001324   0x08001324   0x000000dc   Code   RO          600    .text.HAL_SPI_Init  stm32f3xx_hal_spi.o
    0x08001400   0x08001400   0x00000070   Code   RO           76    .text.HAL_SPI_MspInit  stm32f3xx_hal_msp.o
    0x08001470   0x08001470   0x0000002c   Code   RO          441    .text.HAL_SYSTICK_Config  stm32f3xx_hal_cortex.o
    0x0800149c   0x0800149c   0x00000002   Code   RO           45    .text.HardFault_Handler  stm32f3xx_it.o
    0x0800149e   0x0800149e   0x00000002   PAD
    0x080014a0   0x080014a0   0x00000002   Code   RO           47    .text.MemManage_Handler  stm32f3xx_it.o
    0x080014a2   0x080014a2   0x00000002   PAD
    0x080014a4   0x080014a4   0x00000002   Code   RO           43    .text.NMI_Handler   stm32f3xx_it.o
    0x080014a6   0x080014a6   0x00000002   PAD
    0x080014a8   0x080014a8   0x00000002   Code   RO           57    .text.PendSV_Handler  stm32f3xx_it.o
    0x080014aa   0x080014aa   0x00000002   PAD
    0x080014ac   0x080014ac   0x00000002   Code   RO           53    .text.SVC_Handler   stm32f3xx_it.o
    0x080014ae   0x080014ae   0x00000002   PAD
    0x080014b0   0x080014b0   0x0000005a   Code   RO           59    .text.SysTick_Handler  stm32f3xx_it.o
    0x0800150a   0x0800150a   0x00000002   PAD
    0x0800150c   0x0800150c   0x000000a4   Code   RO           13    .text.SystemClock_Config  main.o
    0x080015b0   0x080015b0   0x00000012   Code   RO          725    .text.SystemInit    system_stm32f3xx.o
    0x080015c2   0x080015c2   0x00000002   PAD
    0x080015c4   0x080015c4   0x000000c4   Code   RO          766    .text.TIM1_BRK_TIM15_IRQHandler  demodulatorclock.o
    0x08001688   0x08001688   0x00000084   Code   RO          742    .text.TIM1_UP_TIM16_IRQHandler  invertingchargepump.o
    0x0800170c   0x0800170c   0x00000060   Code   RO          807    .text.TIM6Init      audiotone.o
    0x0800176c   0x0800176c   0x00000074   Code   RO          811    .text.TIM6_DAC1_IRQHandler  audiotone.o
    0x080017e0   0x080017e0   0x00000060   Code   RO          809    .text.TIM7Init      audiotone.o
    0x08001840   0x08001840   0x00000092   Code   RO          813    .text.TIM7_DAC2_IRQHandler  audiotone.o
    0x080018d2   0x080018d2   0x00000002   PAD
    0x080018d4   0x080018d4   0x00000002   Code   RO           51    .text.UsageFault_Handler  stm32f3xx_it.o
    0x080018d6   0x080018d6   0x00000002   PAD
    0x080018d8   0x080018d8   0x000001d0   Code   RO           11    .text.main          main.o
    0x08001aa8   0x08001aa8   0x000000ba   Code   RO          764    .text.timer15Init   demodulatorclock.o
    0x08001b62   0x08001b62   0x00000002   PAD
    0x08001b64   0x08001b64   0x000000ae   Code   RO          740    .text.timer16Init   invertingchargepump.o
    0x08001c12   0x08001c12   0x00000002   PAD
    0x08001c14   0x08001c14   0x0000005a   Code   RO          753    .text.timer17Init   frequencymeasure.o
    0x08001c6e   0x08001c6e   0x00000002   PAD
    0x08001c70   0x08001c70   0x00000026   Code   RO          805    .text.toneInit      audiotone.o
    0x08001c96   0x08001c96   0x00000030   Code   RO         3006    i.__ARM_fpclassify  m_wm.l(fpclassify.o)
    0x08001cc6   0x08001cc6   0x00000002   PAD
    0x08001cc8   0x08001cc8   0x000002d8   Code   RO         2881    i.__hardfp_atan     m_wm.l(atan.o)
    0x08001fa0   0x08001fa0   0x0000007a   Code   RO         2941    i.__hardfp_sqrt     m_wm.l(sqrt.o)
    0x0800201a   0x0800201a   0x000000f8   Code   RO         3024    i.__kernel_poly     m_wm.l(poly.o)
    0x08002112   0x08002112   0x00000014   Code   RO         2987    i.__mathlib_dbl_infnan  m_wm.l(dunder.o)
    0x08002126   0x08002126   0x00000002   PAD
    0x08002128   0x08002128   0x00000020   Code   RO         2992    i.__mathlib_dbl_underflow  m_wm.l(dunder.o)
    0x08002148   0x08002148   0x00000018   Code   RO         3002    i.fabs              m_wm.l(fabs.o)
    0x08002160   0x08002160   0x00000018   Code   RO         2960    x$fpl$basic         fz_wm.l(basic.o)
    0x08002178   0x08002178   0x00000062   Code   RO         2847    x$fpl$d2f           fz_wm.l(d2f.o)
    0x080021da   0x080021da   0x00000002   PAD
    0x080021dc   0x080021dc   0x00000150   Code   RO         2851    x$fpl$dadd          fz_wm.l(daddsub_clz.o)
    0x0800232c   0x0800232c   0x000002b8   Code   RO         2860    x$fpl$ddiv          fz_wm.l(ddiv.o)
    0x080025e4   0x080025e4   0x0000002e   Code   RO         2872    x$fpl$dflt          fz_wm.l(dflt_clz.o)
    0x08002612   0x08002612   0x00000002   PAD
    0x08002614   0x08002614   0x00000154   Code   RO         2877    x$fpl$dmul          fz_wm.l(dmul.o)
    0x08002768   0x08002768   0x0000009c   Code   RO         2968    x$fpl$dnaninf       fz_wm.l(dnaninf.o)
    0x08002804   0x08002804   0x0000000c   Code   RO         2970    x$fpl$dretinf       fz_wm.l(dretinf.o)
    0x08002810   0x08002810   0x00000016   Code   RO         2852    x$fpl$drsb          fz_wm.l(daddsub_clz.o)
    0x08002826   0x08002826   0x00000002   PAD
    0x08002828   0x08002828   0x00000198   Code   RO         2974    x$fpl$dsqrt         fz_wm.l(dsqrt_umaal.o)
    0x080029c0   0x080029c0   0x000001dc   Code   RO         2853    x$fpl$dsub          fz_wm.l(daddsub_clz.o)
    0x08002b9c   0x08002b9c   0x00000056   Code   RO         2879    x$fpl$f2d           fz_wm.l(f2d.o)
    0x08002bf2   0x08002bf2   0x0000008c   Code   RO         2976    x$fpl$fnaninf       fz_wm.l(fnaninf.o)
    0x08002c7e   0x08002c7e   0x0000001a   Code   RO         3151    x$fpl$fpinit        fz_wm.l(fpinit.o)
    0x08002c98   0x08002c98   0x0000000a   Code   RO         2978    x$fpl$fretinf       fz_wm.l(fretinf.o)
    0x08002ca2   0x08002ca2   0x00000000   Code   RO         2982    x$fpl$usenofp       fz_wm.l(usenofp.o)
    0x08002ca2   0x08002ca2   0x00000006   PAD
    0x08002ca8   0x08002ca8   0x00000098   Data   RO         2884    .constdata          m_wm.l(atan.o)
    0x08002d40   0x08002d40   0x00000010   Data   RO          730    .rodata.AHBPrescTable  system_stm32f3xx.o
    0x08002d50   0x08002d50   0x00000020   Data   RO          350    .rodata.cst16       stm32f3xx_hal_rcc.o
    0x08002d70   0x08002d70   0x00000020   Data   RO         3212    Region$$Table       anon$$obj.o


    Execution Region RW_IRAM2 (Exec base: 0x10000000, Load base: 0x08002db8, Size: 0x00000000, Max: 0x00001000, ABSOLUTE)

    **** No section assigned to this execution region ****


    Execution Region RW_IRAM1 (Exec base: 0x20000000, Load base: 0x08002d90, Size: 0x00000790, Max: 0x00003000, ABSOLUTE)

    Exec Addr    Load Addr    Size         Type   Attr      Idx    E Section Name        Object

    0x20000000   0x08002d90   0x00000008   Data   RW          313    .data..L_MergedGlobals  stm32f3xx_hal.o
    0x20000008   0x08002d98   0x00000004   Data   RW           22    .data.ARRbaseHigh   main.o
    0x2000000c   0x08002d9c   0x00000004   Data   RW           21    .data.ARRbaseLow    main.o
    0x20000010   0x08002da0   0x00000004   Data   RW           24    .data.Ithreshold    main.o
    0x20000014   0x08002da4   0x00000004   Data   RW           19    .data.K             main.o
    0x20000018   0x08002da8   0x00000004   Data   RW           23    .data.Qthreshold    main.o
    0x2000001c   0x08002dac   0x00000004   Data   RW          729    .data.SystemCoreClock  system_stm32f3xx.o
    0x20000020   0x08002db0   0x00000004   Data   RW           61    .data.conversionFlag  stm32f3xx_it.o
    0x20000024   0x08002db4   0x00000004   Data   RW           18    .data.oscTime       main.o
    0x20000028        -       0x00000060   Zero   RW         3063    .bss                c_w.l(libspace.o)
    0x20000088        -       0x00000068   Zero   RW           34    .bss..L_MergedGlobals  main.o
    0x200000f0        -       0x00000010   Zero   RW          796    .bss..L_MergedGlobals  adc.o
    0x20000100        -       0x00000004   Zero   RW           26    .bss.Itone          main.o
    0x20000104        -       0x00000004   Zero   RW           27    .bss.Qtone          main.o
    0x20000108        -       0x00000004   Zero   RW           17    .bss.acquisition    main.o
    0x2000010c        -       0x00000004   Zero   RW           20    .bss.encoderCounter  main.o
    0x20000110        -       0x00000064   Zero   RW           28    .bss.hspi1          main.o
    0x20000174        -       0x00000004   Zero   RW           62    .bss.n              stm32f3xx_it.o
    0x20000178        -       0x00000004   Zero   RW           29    .bss.nextI          main.o
    0x2000017c        -       0x00000004   Zero   RW           30    .bss.nextQ          main.o
    0x20000180        -       0x00000004   Zero   RW           31    .bss.prevI          main.o
    0x20000184        -       0x00000004   Zero   RW           32    .bss.prevQ          main.o
    0x20000188        -       0x00000004   Zero   RW          312    .bss.uwTick         stm32f3xx_hal.o
    0x2000018c   0x08002db8   0x00000004   PAD
    0x20000190        -       0x00000200   Zero   RW            2    HEAP                startup_stm32f303x8.o
    0x20000390        -       0x00000400   Zero   RW            1    STACK               startup_stm32f303x8.o


==============================================================================

Image component sizes


      Code (inc. data)   RO Data    RW Data    ZI Data      Debug   Object Name

       380          0          0          0         16       5461   adc.o
       492          0          0          0          0       4674   audiotone.o
        80          0          0          0          0       1505   dac.o
       382          0          0          0          0       3861   demodulatorclock.o
       448          0          0          0          0       4513   frequencymeasure.o
       306          0          0          0          0       3743   invertingchargepump.o
       628          8          0         24        236       8159   main.o
       410          0          0          0          0       4385   rotaryencoder.o
        64         26        392          0       1536        864   startup_stm32f303x8.o
       148          0          0          8          4       5917   stm32f3xx_hal.o
       162          0          0          0          0       8476   stm32f3xx_hal_cortex.o
       442          0          0          0          0       5030   stm32f3xx_hal_gpio.o
       176          0          0          0          0      62202   stm32f3xx_hal_i2c.o
       146          0          0          0          0       5714   stm32f3xx_hal_i2c_ex.o
       278          0          0          0          0       6271   stm32f3xx_hal_msp.o
      1334          0         32          0          0       7713   stm32f3xx_hal_rcc.o
       298          0          0          0          0       4893   stm32f3xx_hal_rcc_ex.o
       220          0          0          0          0      26235   stm32f3xx_hal_spi.o
       106          0          0          4          4       1346   stm32f3xx_it.o
        18          0         16          4          0       2244   system_stm32f3xx.o

    ----------------------------------------------------------------------
      6570         34        472         40       1800     173206   Object Totals
         0          0         32          0          0          0   (incl. Generated)
        52          0          0          0          4          0   (incl. Padding)

    ----------------------------------------------------------------------

      Code (inc. data)   RO Data    RW Data    ZI Data      Debug   Library Member Name

         8          0          0          0          0         68   __main.o
         0          0          0          0          0          0   __rtentry.o
        12          0          0          0          0          0   __rtentry2.o
         6          0          0          0          0          0   __rtentry4.o
        94          8          0          0          0          0   __scatter.o
        26          0          0          0          0          0   __scatter_copy.o
        28          0          0          0          0          0   __scatter_zi.o
        22          0          0          0          0        100   _rserrno.o
        18          0          0          0          0         80   exit.o
         6          0          0          0          0        152   heapauxi.o
         0          0          0          0          0          0   indicate_semi.o
         2          0          0          0          0          0   libinit.o
         6          0          0          0          0          0   libinit2.o
         2          0          0          0          0          0   libshutdown.o
         2          0          0          0          0          0   libshutdown2.o
         8          4          0          0         96         68   libspace.o
         8          4          0          0          0         68   rt_errno_addr_intlibspace.o
         2          0          0          0          0          0   rtexit.o
        10          0          0          0          0          0   rtexit2.o
        12          4          0          0          0         68   sys_exit.o
        74          0          0          0          0         80   sys_stackheap_outer.o
         2          0          0          0          0         68   use_no_semi.o
        24          0          0          0          0        164   basic.o
        98          4          0          0          0        140   d2f.o
       834         16          0          0          0        516   daddsub_clz.o
       696        140          0          0          0        264   ddiv.o
        46          0          0          0          0        116   dflt_clz.o
       340         12          0          0          0        152   dmul.o
       156          4          0          0          0        140   dnaninf.o
        12          0          0          0          0        116   dretinf.o
       408         56          0          0          0        168   dsqrt_umaal.o
        86          4          0          0          0        132   f2d.o
       140          4          0          0          0        132   fnaninf.o
        26          0          0          0          0        116   fpinit.o
        10          0          0          0          0        116   fretinf.o
         0          0          0          0          0          0   usenofp.o
       728        106        152          0          0        228   atan.o
        52          8          0          0          0        248   dunder.o
        24          0          0          0          0        124   fabs.o
        48          0          0          0          0        124   fpclassify.o
       248          0          0          0          0        152   poly.o
       122          0          0          0          0        148   sqrt.o

    ----------------------------------------------------------------------
      4470        374        152          0         96       4048   Library Totals
        24          0          0          0          0          0   (incl. Padding)

    ----------------------------------------------------------------------

      Code (inc. data)   RO Data    RW Data    ZI Data      Debug   Library Name

       348         20          0          0         96        752   c_w.l
      2876        240          0          0          0       2272   fz_wm.l
      1222        114        152          0          0       1024   m_wm.l

    ----------------------------------------------------------------------
      4470        374        152          0         96       4048   Library Totals

    ----------------------------------------------------------------------

==============================================================================


      Code (inc. data)   RO Data    RW Data    ZI Data      Debug   

     11040        408        624         40       1896     174702   Grand Totals
     11040        408        624         40       1896     174702   ELF Image Totals
     11040        408        624         40          0          0   ROM Totals

==============================================================================

    Total RO  Size (Code + RO Data)                11664 (  11.39kB)
    Total RW  Size (RW Data + ZI Data)              1936 (   1.89kB)
    Total ROM Size (Code + RO Data + RW Data)      11704 (  11.43kB)

==============================================================================

